\BOOKMARK [0][-]{section*.1}{\376\377\003\240\003\265\003\301\003\257\003\273\003\267\003\310\003\267}{}% 1
\BOOKMARK [0][-]{section*.1}{\376\377\000A\000b\000s\000t\000r\000a\000c\000t}{}% 2
\BOOKMARK [0][-]{section*.2}{\376\377\000A\000c\000k\000n\000o\000w\000l\000e\000d\000g\000e\000m\000e\000n\000t\000s}{}% 3
\BOOKMARK [0][-]{chapter*.3}{\376\377\000C\000o\000n\000t\000e\000n\000t\000s}{}% 4
\BOOKMARK [0][-]{chapter*.4}{\376\377\000L\000i\000s\000t\000\040\000o\000f\000\040\000F\000i\000g\000u\000r\000e\000s}{}% 5
\BOOKMARK [0][-]{chapter*.5}{\376\377\000L\000i\000s\000t\000\040\000o\000f\000\040\000T\000a\000b\000l\000e\000s}{}% 6
\BOOKMARK [0][-]{chapter*.6}{\376\377\000L\000i\000s\000t\000\040\000o\000f\000\040\000A\000b\000b\000r\000e\000v\000i\000a\000t\000i\000o\000n\000s}{}% 7
\BOOKMARK [0][-]{chapter.8}{\376\377\003\225\003\271\003\303\003\261\003\263\003\311\003\263\003\256}{}% 8
\BOOKMARK [1][-]{section.9}{\376\377\003\221\003\275\003\304\003\271\003\272\003\265\003\257\003\274\003\265\003\275\003\277\000\040\003\304\003\267\003\302\000\040\003\234\003\265\003\273\003\255\003\304\003\267\003\302}{chapter.8}% 9
\BOOKMARK [1][-]{section.10}{\376\377\003\244\003\277\000\040\003\232\003\265\003\275\003\314\000\040\003\303\003\304\003\267\003\275\000\040\003\221\003\263\003\277\003\301\003\254\000:\000\040\000M\000a\000n\000a\000g\000e\000r\000s\000\040\003\272\003\261\003\271\000\040\000O\000w\000n\000e\000r\000s}{chapter.8}% 10
\BOOKMARK [2][-]{subsection.11}{\376\377\003\221\003\301\003\307\003\271\003\304\003\265\003\272\003\304\003\277\003\275\003\271\003\272\003\256\000\040\000C\000h\000a\000n\000n\000e\000l\000\040\000A\000d\000a\000p\000t\000e\000r}{section.10}% 11
\BOOKMARK [1][-]{section.12}{\376\377\003\243\003\272\003\277\003\300\003\314\003\302\000\040\003\304\003\267\003\302\000\040\003\224\003\271\003\300\003\273\003\311\003\274\003\261\003\304\003\271\003\272\003\256\003\302\000\040\003\225\003\301\003\263\003\261\003\303\003\257\003\261\003\302}{chapter.8}% 12
\BOOKMARK [2][-]{subsection.13}{\376\377\003\243\003\307\003\265\003\264\003\271\003\261\003\303\003\274\003\314\003\302\000\040\003\263\003\271\003\261\000\040\003\225\003\305\003\307\003\301\003\267\003\303\003\304\003\257\003\261\000\040\003\272\003\261\003\271\000\040\003\240\003\301\003\277\003\303\003\262\003\261\003\303\003\271\003\274\003\314\003\304\003\267\003\304\003\261}{section.12}% 13
\BOOKMARK [1][-]{section.14}{\376\377\003\243\003\305\003\275\003\265\003\271\003\303\003\306\003\277\003\301\003\254\000\040\003\304\003\267\003\302\000\040\003\240\003\273\003\261\003\304\003\306\003\314\003\301\003\274\003\261\003\302}{chapter.8}% 14
\BOOKMARK [1][-]{section.15}{\376\377\003\224\003\277\003\274\003\256\000\040\003\304\003\267\003\302\000\040\003\225\003\301\003\263\003\261\003\303\003\257\003\261\003\302}{chapter.8}% 15
\BOOKMARK [0][-]{chapter.16}{\376\377\003\230\003\265\003\311\003\301\003\267\003\304\003\271\003\272\003\314\000\040\003\245\003\300\003\314\003\262\003\261\003\270\003\301\003\277}{}% 16
\BOOKMARK [1][-]{section.17}{\376\377\003\243\003\315\003\263\003\307\003\301\003\277\003\275\003\265\003\302\000\040\003\221\003\301\003\307\003\271\003\304\003\265\003\272\003\304\003\277\003\275\003\271\003\272\003\255\003\302\000\040\000W\000e\000b}{chapter.16}% 17
\BOOKMARK [2][-]{subsection.19}{\376\377\000T\000y\000p\000e\000S\000c\000r\000i\000p\000t\000\040\003\272\003\261\003\271\000\040\000T\000y\000p\000e\000\040\000C\000o\000n\000s\000i\000s\000t\000e\000n\000c\000y}{section.17}% 18
\BOOKMARK [2][-]{subsection.20}{\376\377\000P\000a\000y\000l\000o\000a\000d\000C\000M\000S\000:\000\040\000B\000a\000c\000k\000e\000n\000d\000\040\000F\000r\000a\000m\000e\000w\000o\000r\000k\000\040\000v\000s\000\040\000C\000M\000S}{section.17}% 19
\BOOKMARK [2][-]{subsection.21}{\376\377\000N\000e\000x\000t\000.\000j\000s\000,\000\040\000S\000e\000r\000v\000e\000r\000\040\000A\000c\000t\000i\000o\000n\000s\000\040\003\272\003\261\003\271\000\040\000M\000o\000n\000o\000r\000e\000p\000o}{section.17}% 20
\BOOKMARK [2][-]{subsection.22}{\376\377\000P\000o\000s\000t\000g\000r\000e\000S\000Q\000L\000\040\003\272\003\261\003\271\000\040\000D\000r\000i\000z\000z\000l\000e\000\040\000O\000R\000M}{section.17}% 21
\BOOKMARK [2][-]{subsection.23}{\376\377\000S\000h\000a\000d\000c\000n\000\040\000U\000I\000,\000\040\000R\000e\000a\000c\000t\000\040\003\272\003\261\003\271\000\040\000Z\000u\000s\000t\000a\000n\000d}{section.17}% 22
\BOOKMARK [2][-]{subsection.24}{\376\377\000S\000w\000a\000g\000g\000e\000r\000/\000O\000p\000e\000n\000A\000P\000I\000\040\003\272\003\261\003\271\000\040\000C\000o\000d\000e\000\040\000G\000e\000n\000e\000r\000a\000t\000i\000o\000n}{section.17}% 23
\BOOKMARK [1][-]{section.25}{\376\377\000L\000a\000r\000g\000e\000\040\000L\000a\000n\000g\000u\000a\000g\000e\000\040\000M\000o\000d\000e\000l\000s\000\040\000\050\000L\000L\000M\000s\000\051}{chapter.16}% 24
\BOOKMARK [2][-]{subsection.26}{\376\377\000V\000e\000r\000c\000e\000l\000\040\000A\000I\000\040\000S\000D\000K\000\040\003\272\003\261\003\271\000\040\000S\000t\000r\000e\000a\000m\000i\000n\000g}{section.25}% 25
\BOOKMARK [2][-]{subsection.27}{\376\377\000O\000p\000e\000n\000R\000o\000u\000t\000e\000r\000\040\003\272\003\261\003\271\000\040\003\240\003\301\003\314\003\303\003\262\003\261\003\303\003\267\000\040\003\303\003\265\000\040\003\234\003\277\003\275\003\304\003\255\003\273\003\261}{section.25}% 26
\BOOKMARK [1][-]{section.28}{\376\377\000C\000h\000a\000n\000n\000e\000l\000\040\000M\000a\000n\000a\000g\000e\000r\000s\000\040\003\272\003\261\003\271\000\040\003\224\003\271\003\261\003\303\003\305\003\275\003\264\003\265\003\303\003\271\003\274\003\314\003\304\003\267\003\304\003\261}{chapter.16}% 27
\BOOKMARK [0][-]{chapter.31}{\376\377\003\234\003\265\003\270\003\277\003\264\003\277\003\273\003\277\003\263\003\257\003\261\000\040\003\272\003\261\003\271\000\040\003\221\003\275\003\254\003\273\003\305\003\303\003\267\000\040\003\221\003\300\003\261\003\271\003\304\003\256\003\303\003\265\003\311\003\275}{}% 28
\BOOKMARK [1][-]{section.32}{\376\377\003\241\003\314\003\273\003\277\003\271\000\040\003\272\003\261\003\271\000\040\003\231\003\265\003\301\003\261\003\301\003\307\003\257\003\261\000\040\003\247\003\301\003\267\003\303\003\304\003\316\003\275}{chapter.31}% 29
\BOOKMARK [2][-]{subsection.37}{\376\377\003\244\003\315\003\300\003\277\003\271\000\040\003\247\003\301\003\267\003\303\003\304\003\316\003\275\000\040\000\050\000U\000s\000e\000r\000\040\000T\000y\000p\000e\000s\000\051}{section.32}% 30
\BOOKMARK [2][-]{subsection.43}{\376\377\003\231\003\265\003\301\003\261\003\301\003\307\003\271\003\272\003\255\003\302\000\040\003\243\003\307\003\255\003\303\003\265\003\271\003\302\000\040\003\272\003\261\003\271\000\040\000B\000i\000l\000l\000i\000n\000g}{section.32}% 31
\BOOKMARK [1][-]{section.45}{\376\377\003\221\003\301\003\307\003\271\003\304\003\265\003\272\003\304\003\277\003\275\003\271\003\272\003\256\000\040\003\243\003\305\003\303\003\304\003\256\003\274\003\261\003\304\003\277\003\302\000\040\000\050\000M\000o\000n\000o\000r\000e\000p\000o\000\051}{chapter.31}% 32
\BOOKMARK [2][-]{subsection.46}{\376\377\003\224\003\277\003\274\003\256\000\040\000M\000o\000n\000o\000r\000e\000p\000o}{section.45}% 33
\BOOKMARK [2][-]{subsection.62}{\376\377\003\222\003\261\003\303\003\271\003\272\003\254\000\040\000C\000o\000m\000p\000o\000n\000e\000n\000t\000s}{section.45}% 34
\BOOKMARK [2][-]{subsection.66}{\376\377\000E\000x\000t\000e\000r\000n\000a\000l\000\040\000I\000n\000t\000e\000g\000r\000a\000t\000i\000o\000n\000s}{section.45}% 35
\BOOKMARK [1][-]{section.69}{\376\377\003\234\003\277\003\275\003\304\003\255\003\273\003\277\000\040\003\224\003\265\003\264\003\277\003\274\003\255\003\275\003\311\003\275\000\040\003\272\003\261\003\271\000\040\003\243\003\307\003\255\003\303\003\265\003\271\003\302}{chapter.31}% 36
\BOOKMARK [2][-]{subsection.70}{\376\377\003\232\003\315\003\301\003\271\003\265\003\302\000\040\003\237\003\275\003\304\003\314\003\304\003\267\003\304\003\265\003\302\000\040\000\050\000C\000o\000l\000l\000e\000c\000t\000i\000o\000n\000s\000\051}{section.69}% 37
\BOOKMARK [2][-]{subsection.72}{\376\377\003\243\003\307\003\255\003\303\003\265\003\271\003\302\000\040\003\234\003\265\003\304\003\261\003\276\003\315\000\040\003\237\003\275\003\304\003\277\003\304\003\256\003\304\003\311\003\275}{section.69}% 38
\BOOKMARK [2][-]{subsection.77}{\376\377\000H\000o\000o\000k\000\040\000S\000y\000s\000t\000e\000m\000\040\003\272\003\261\003\271\000\040\000L\000i\000f\000e\000c\000y\000c\000l\000e}{section.69}% 39
\BOOKMARK [0][-]{chapter.84}{\376\377\003\245\003\273\003\277\003\300\003\277\003\257\003\267\003\303\003\267}{}% 40
\BOOKMARK [1][-]{section.85}{\376\377\003\224\003\271\003\261\003\307\003\265\003\257\003\301\003\271\003\303\003\267\000\040\003\232\003\301\003\261\003\304\003\256\003\303\003\265\003\311\003\275\000\040\003\272\003\261\003\271\000\040\003\243\003\305\003\263\003\307\003\301\003\277\003\275\003\271\003\303\003\274\003\314\003\302}{chapter.84}% 41
\BOOKMARK [2][-]{subsection.91}{\376\377\003\221\003\301\003\307\003\271\003\272\003\256\000\040\003\243\003\315\003\275\003\264\003\265\003\303\003\267\000\040\003\272\003\261\003\271\000\040\003\241\003\315\003\270\003\274\003\271\003\303\003\267\000\040\000W\000e\000b\000h\000o\000o\000k\000s}{section.85}% 42
\BOOKMARK [2][-]{subsection.110}{\376\377\003\234\003\255\003\270\003\277\003\264\003\277\003\271\000\040\003\225\003\271\003\303\003\261\003\263\003\311\003\263\003\256\003\302\000\040\003\232\003\301\003\261\003\304\003\256\003\303\003\265\003\311\003\275}{section.85}% 43
\BOOKMARK [3][-]{section*.112}{\376\377\003\221\000\051\000\040\000M\000a\000s\000s\000\040\000I\000m\000p\000o\000r\000t\000\040\000\050\000P\000r\000o\000p\000e\000r\000t\000y\000\040\000S\000y\000n\000c\000i\000n\000g\000\051}{subsection.110}% 44
\BOOKMARK [3][-]{section*.139}{\376\377\003\222\000\051\000\040\000W\000e\000b\000h\000o\000o\000k\000\040\000U\000p\000d\000a\000t\000e\000s\000\040\000\050\000C\000h\000a\000n\000n\000e\000l\000\040\000M\000a\000n\000a\000g\000e\000r\000\040\000T\000r\000i\000g\000g\000e\000r\000s\000\051}{subsection.110}% 45
\BOOKMARK [3][-]{section*.146}{\376\377\003\223\000\051\000\040\000U\000I\000-\000B\000a\000s\000e\000d\000\040\000B\000o\000o\000k\000i\000n\000g\000\040\000C\000r\000e\000a\000t\000i\000o\000n}{subsection.110}% 46
\BOOKMARK [3][-]{section*.164}{\376\377\003\224\000\051\000\040\000W\000e\000b\000s\000i\000t\000e\000\040\000B\000o\000o\000k\000i\000n\000g\000\040\000C\000r\000e\000a\000t\000i\000o\000n}{subsection.110}% 47
\BOOKMARK [2][-]{subsection.166}{\376\377\003\243\003\315\003\303\003\304\003\267\003\274\003\261\000\040\003\243\003\315\003\275\003\264\003\265\003\303\003\267\003\302\000\040\003\274\003\265\000\040\000P\000r\000o\000p\000e\000r\000t\000y\000\040\000R\000a\000t\000e\000s}{section.85}% 48
\BOOKMARK [2][-]{subsection.217}{\376\377\003\224\003\271\003\261\003\307\003\265\003\257\003\301\003\271\003\303\003\267\000\040\000T\000r\000a\000n\000s\000a\000c\000t\000i\000o\000n\000s\000\040\003\272\003\261\003\271\000\040\003\221\003\303\003\306\003\254\003\273\003\265\003\271\003\261\000\040\003\224\003\265\003\264\003\277\003\274\003\255\003\275\003\311\003\275}{section.85}% 49
\BOOKMARK [2][-]{subsection.227}{\376\377\003\225\003\271\003\303\003\261\003\263\003\311\003\263\003\256\000\040\000P\000r\000o\000p\000e\000r\000t\000i\000e\000s\000\040\003\272\003\261\003\271\000\040\003\222\003\265\003\273\003\304\003\271\003\303\003\304\003\277\003\300\003\277\003\257\003\267\003\303\003\267\000\040\000P\000r\000o\000p\000e\000r\000t\000y\000\040\000R\000a\000t\000e\000s}{section.85}% 50
\BOOKMARK [1][-]{section.237}{\376\377\003\234\003\267\003\307\003\261\003\275\003\271\003\303\003\274\003\314\003\302\000\040\000A\000u\000t\000o\000\040\000A\000c\000t\000i\000o\000n\000s}{chapter.84}% 51
\BOOKMARK [2][-]{subsection.238}{\376\377\003\232\003\261\003\304\003\267\003\263\003\277\003\301\003\257\003\265\003\302\000\040\000A\000u\000t\000o\000\040\000A\000c\000t\000i\000o\000n\000s}{section.237}% 52
\BOOKMARK [2][-]{subsection.242}{\376\377\003\232\003\261\003\275\003\254\003\273\003\271\003\261\000\040\003\225\003\300\003\271\003\272\003\277\003\271\003\275\003\311\003\275\003\257\003\261\003\302}{section.237}% 53
\BOOKMARK [2][-]{subsection.244}{\376\377\003\234\003\267\003\307\003\261\003\275\003\271\003\303\003\274\003\314\003\302\000\040\003\240\003\301\003\277\003\304\003\315\003\300\003\311\003\275\000\040\000\050\000T\000e\000m\000p\000l\000a\000t\000e\000\040\000E\000n\000g\000i\000n\000e\000\051}{section.237}% 54
\BOOKMARK [2][-]{subsection.265}{\376\377\000T\000i\000m\000e\000-\000b\000a\000s\000e\000d\000\040\000T\000r\000i\000g\000g\000e\000r\000s\000\040\000\050\000C\000r\000o\000n\000\040\000J\000o\000b\000s\000\051}{section.237}% 55
\BOOKMARK [2][-]{subsection.282}{\376\377\000I\000n\000s\000t\000a\000n\000t\000\040\000T\000r\000i\000g\000g\000e\000r\000s\000\040\000\050\000W\000e\000b\000h\000o\000o\000k\000s\000\051}{section.237}% 56
\BOOKMARK [2][-]{subsection.283}{\376\377\003\221\003\301\003\307\003\271\003\304\003\265\003\272\003\304\003\277\003\275\003\271\003\272\003\256\000\040\000C\000r\000o\000n\000\040\000J\000o\000b\000s}{section.237}% 57
\BOOKMARK [1][-]{section.285}{\376\377\003\243\003\315\003\303\003\304\003\267\003\274\003\261\000\040\003\247\003\301\003\255\003\311\003\303\003\267\003\302\000\040\003\272\003\261\003\271\000\040\003\244\003\271\003\274\003\277\003\273\003\314\003\263\003\267\003\303\003\267\003\302}{chapter.84}% 58
\BOOKMARK [2][-]{subsection.286}{\376\377\003\221\003\301\003\307\003\271\003\304\003\265\003\272\003\304\003\277\003\275\003\271\003\272\003\256\000\040\003\247\003\301\003\255\003\311\003\303\003\267\003\302}{section.285}% 59
\BOOKMARK [2][-]{subsection.289}{\376\377\003\221\003\305\003\304\003\314\003\274\003\261\003\304\003\267\000\040\003\234\003\267\003\275\003\271\003\261\003\257\003\261\000\040\003\224\003\267\003\274\003\271\003\277\003\305\003\301\003\263\003\257\003\261\000\040\000B\000i\000l\000l\000s\000\040\000\050\000C\000r\000o\000n\000\040\000J\000o\000b\000\051}{section.285}% 60
\BOOKMARK [2][-]{subsection.290}{\376\377\003\221\003\275\003\254\003\273\003\305\003\303\003\267\000\040\003\247\003\301\003\265\003\316\003\303\003\265\003\311\003\275\000\040\000\050\000P\000r\000i\000c\000i\000n\000g\000\040\000B\000r\000e\000a\000k\000d\000o\000w\000n\000\051}{section.285}% 61
\BOOKMARK [2][-]{subsection.292}{\376\377\003\240\003\301\003\277\003\262\003\277\003\273\003\256\000\040\000B\000i\000l\000l\000s\000\040\003\261\003\275\003\254\000\040\003\241\003\314\003\273\003\277\000\040\003\247\003\301\003\256\003\303\003\304\003\267}{section.285}% 62
\BOOKMARK [2][-]{subsection.294}{\376\377\003\232\003\261\003\304\003\254\003\303\003\304\003\261\003\303\003\267\000\040\003\240\003\273\003\267\003\301\003\311\003\274\003\256\003\302}{section.285}% 63
\BOOKMARK [2][-]{subsection.296}{\376\377\003\243\003\315\003\303\003\304\003\267\003\274\003\261\000\040\003\225\003\273\003\255\003\263\003\307\003\277\003\305\000\040\003\240\003\301\003\314\003\303\003\262\003\261\003\303\003\267\003\302\000\040\000\050\000A\000c\000c\000e\000s\000s\000\040\000C\000o\000n\000t\000r\000o\000l\000\040\000S\000y\000s\000t\000e\000m\000\051}{section.285}% 64
\BOOKMARK [1][-]{section.308}{\376\377\003\221\003\305\003\304\003\277\003\274\003\261\003\304\003\277\003\300\003\277\003\271\003\267\003\274\003\255\003\275\003\267\000\040\003\240\003\261\003\301\003\261\003\263\003\311\003\263\003\256\000\040\003\231\003\303\003\304\003\277\003\303\003\265\003\273\003\257\003\264\003\311\003\275}{chapter.84}% 65
\BOOKMARK [2][-]{subsection.309}{\376\377\003\224\003\277\003\274\003\256\000\040\003\272\003\261\003\271\000\040\003\233\003\265\003\271\003\304\003\277\003\305\003\301\003\263\003\257\003\261\000\040\000W\000e\000b\000s\000i\000t\000e}{section.308}% 66
\BOOKMARK [2][-]{subsection.314}{\376\377\000W\000e\000b\000s\000i\000t\000e\000\040\000A\000P\000I\000\040\000E\000n\000d\000p\000o\000i\000n\000t\000s}{section.308}% 67
\BOOKMARK [2][-]{subsection.352}{\376\377\000D\000e\000p\000l\000o\000y\000\040\000U\000R\000L\000\040\000\046\000\040\000V\000e\000r\000c\000e\000l\000\040\000I\000n\000t\000e\000g\000r\000a\000t\000i\000o\000n}{section.308}% 68
\BOOKMARK [2][-]{subsection.358}{\376\377\000W\000e\000b\000s\000i\000t\000e\000\040\000B\000o\000o\000k\000i\000n\000g\000\040\000C\000r\000e\000a\000t\000i\000o\000n\000\040\000F\000l\000o\000w}{section.308}% 69
\BOOKMARK [2][-]{subsection.381}{\376\377\003\225\003\300\003\271\003\307\003\265\003\271\003\301\003\267\003\274\003\261\003\304\003\271\003\272\003\255\003\302\000\040\003\225\003\305\003\272\003\261\003\271\003\301\003\257\003\265\003\302\000\040\000\050\000P\000l\000a\000t\000f\000o\000r\000m\000\040\000a\000s\000\040\000O\000T\000A\000\051}{section.308}% 70
\BOOKMARK [1][-]{section.383}{\376\377\003\240\003\265\003\301\003\271\003\262\003\254\003\273\003\273\003\277\003\275\000\040\003\247\003\301\003\256\003\303\003\304\003\267\000\040\000\050\000P\000l\000a\000t\000f\000o\000r\000m\000\040\000U\000I\000\051}{chapter.84}% 71
\BOOKMARK [2][-]{subsection.384}{\376\377\000D\000a\000s\000h\000b\000o\000a\000r\000d\000\040\003\272\003\261\003\271\000\040\000C\000a\000l\000e\000n\000d\000a\000r}{section.383}% 72
\BOOKMARK [2][-]{subsection.385}{\376\377\003\243\003\315\003\303\003\304\003\267\003\274\003\261\000\040\003\234\003\267\003\275\003\305\003\274\003\254\003\304\003\311\003\275}{section.383}% 73
\BOOKMARK [2][-]{subsection.386}{\376\377\003\224\003\271\003\261\003\307\003\265\003\257\003\301\003\271\003\303\003\267\000\040\003\224\003\271\003\272\003\261\003\271\003\311\003\274\003\254\003\304\003\311\003\275\000\040\003\272\003\261\003\271\000\040\000D\000r\000a\000w\000e\000r\000s}{section.383}% 74
\BOOKMARK [0][-]{chapter.389}{\376\377\003\221\003\300\003\277\003\304\003\265\003\273\003\255\003\303\003\274\003\261\003\304\003\261}{}% 75
\BOOKMARK [1][-]{section.390}{\376\377\003\240\003\261\003\301\003\277\003\305\003\303\003\257\003\261\003\303\003\267\000\040\003\304\003\267\003\302\000\040\003\240\003\273\003\261\003\304\003\306\003\314\003\301\003\274\003\261\003\302}{chapter.389}% 76
\BOOKMARK [1][-]{section.396}{\376\377\003\240\003\261\003\301\003\277\003\305\003\303\003\257\003\261\003\303\003\267\000\040\003\304\003\277\003\305\000\040\000G\000e\000n\000e\000r\000a\000t\000e\000d\000\040\000W\000e\000b\000s\000i\000t\000e}{chapter.389}% 77
\BOOKMARK [1][-]{section.400}{\376\377\000S\000m\000a\000r\000t\000\040\000F\000e\000a\000t\000u\000r\000e\000s\000\040\000\046\000\040\000L\000L\000M\000\040\000I\000n\000t\000e\000g\000r\000a\000t\000i\000o\000n}{chapter.389}% 78
\BOOKMARK [1][-]{section.401}{\376\377\003\244\003\265\003\307\003\275\003\271\003\272\003\255\003\302\000\040\003\240\003\301\003\277\003\272\003\273\003\256\003\303\003\265\003\271\003\302\000\040\003\272\003\261\003\271\000\040\003\233\003\315\003\303\003\265\003\271\003\302}{chapter.389}% 79
\BOOKMARK [2][-]{subsection.402}{\376\377\003\243\003\305\003\263\003\307\003\301\003\277\003\275\003\271\003\303\003\274\003\314\003\302\000\040\003\224\003\265\003\264\003\277\003\274\003\255\003\275\003\311\003\275\000\040\003\274\003\265\000\040\000E\000x\000t\000e\000r\000n\000a\000l\000\040\000A\000P\000I\000s}{section.401}% 80
\BOOKMARK [2][-]{subsection.403}{\376\377\003\221\003\300\003\277\003\306\003\305\003\263\003\256\000\040\000I\000n\000f\000i\000n\000i\000t\000e\000\040\000L\000o\000o\000p\000s}{section.401}% 81
\BOOKMARK [2][-]{subsection.404}{\376\377\003\221\003\300\003\314\003\264\003\277\003\303\003\267\000\040\003\234\003\261\003\266\003\271\003\272\003\316\003\275\000\040\003\225\003\271\003\303\003\261\003\263\003\311\003\263\003\316\003\275}{section.401}% 82
\BOOKMARK [2][-]{subsection.423}{\376\377\003\224\003\271\003\261\003\307\003\265\003\257\003\301\003\271\003\303\003\267\000\040\003\243\003\315\003\275\003\270\003\265\003\304\003\311\003\275\000\040\000R\000a\000t\000e\000\040\000S\000t\000r\000u\000c\000t\000u\000r\000e\000s}{section.401}% 83
\BOOKMARK [2][-]{subsection.441}{\376\377\000M\000u\000l\000t\000i\000-\000T\000e\000n\000a\000n\000t\000\040\000D\000a\000t\000a\000\040\000I\000s\000o\000l\000a\000t\000i\000o\000n}{section.401}% 84
\BOOKMARK [2][-]{subsection.469}{\376\377\000T\000i\000m\000e\000-\000Z\000o\000n\000e\000\040\000M\000a\000n\000a\000g\000e\000m\000e\000n\000t}{section.401}% 85
\BOOKMARK [1][-]{section.489}{\376\377\003\243\003\304\003\261\003\304\003\271\003\303\003\304\003\271\003\272\003\254\000\040\003\272\003\261\003\271\000\040\003\234\003\265\003\304\003\301\003\256\003\303\003\265\003\271\003\302\000\040\003\232\003\316\003\264\003\271\003\272\003\261}{chapter.389}% 86
\BOOKMARK [0][-]{chapter.492}{\376\377\003\243\003\305\003\266\003\256\003\304\003\267\003\303\003\267}{}% 87
\BOOKMARK [1][-]{section.493}{\376\377\003\221\003\276\003\271\003\277\003\273\003\314\003\263\003\267\003\303\003\267\000\040\003\244\003\265\003\307\003\275\003\277\003\273\003\277\003\263\003\271\003\272\003\316\003\275\000\040\003\225\003\300\003\271\003\273\003\277\003\263\003\316\003\275}{chapter.492}% 88
\BOOKMARK [1][-]{section.495}{\376\377\003\234\003\265\003\273\003\273\003\277\003\275\003\304\003\271\003\272\003\255\003\302\000\040\003\222\003\265\003\273\003\304\003\271\003\316\003\303\003\265\003\271\003\302}{chapter.492}% 89
\BOOKMARK [2][-]{subsection.496}{\376\377\003\222\003\265\003\273\003\304\003\257\003\311\003\303\003\267\000\040\000U\000X\000\040\003\303\003\304\003\277\000\040\000A\000d\000m\000i\000n\000\040\000P\000a\000n\000e\000l}{section.495}% 90
\BOOKMARK [2][-]{subsection.497}{\376\377\003\225\003\300\003\255\003\272\003\304\003\261\003\303\003\267\000\040\000C\000h\000a\000n\000n\000e\000l\000\040\000M\000a\000n\000a\000g\000e\000r\000\040\000S\000u\000p\000p\000o\000r\000t}{section.495}% 91
\BOOKMARK [2][-]{subsection.498}{\376\377\000M\000o\000b\000i\000l\000e\000\040\000A\000p\000p\000l\000i\000c\000a\000t\000i\000o\000n}{section.495}% 92
\BOOKMARK [2][-]{subsection.499}{\376\377\000A\000d\000v\000a\000n\000c\000e\000d\000\040\000A\000n\000a\000l\000y\000t\000i\000c\000s\000\040\000D\000a\000s\000h\000b\000o\000a\000r\000d}{section.495}% 93
\BOOKMARK [2][-]{subsection.500}{\376\377\000P\000a\000y\000m\000e\000n\000t\000\040\000I\000n\000t\000e\000g\000r\000a\000t\000i\000o\000n}{section.495}% 94
\BOOKMARK [0][-]{chapter.501}{\376\377\003\243\003\305\003\274\003\300\003\265\003\301\003\254\003\303\003\274\003\261\003\304\003\261}{}% 95
\BOOKMARK [1][-]{section.502}{\376\377\003\225\003\300\003\257\003\304\003\265\003\305\003\276\003\267\000\040\003\243\003\304\003\314\003\307\003\311\003\275}{chapter.501}% 96
\BOOKMARK [1][-]{section.504}{\376\377\003\244\003\265\003\307\003\275\003\271\003\272\003\254\000\040\003\243\003\305\003\274\003\300\003\265\003\301\003\254\003\303\003\274\003\261\003\304\003\261}{chapter.501}% 97
\BOOKMARK [1][-]{section.509}{\376\377\003\225\003\300\003\271\003\307\003\265\003\271\003\301\003\267\003\274\003\261\003\304\003\271\003\272\003\314\000\040\003\221\003\275\003\304\003\257\003\272\003\304\003\305\003\300\003\277}{chapter.501}% 98
\BOOKMARK [1][-]{section.510}{\376\377\003\222\003\261\003\303\003\271\003\272\003\254\000\040\003\224\003\271\003\264\003\254\003\263\003\274\003\261\003\304\003\261}{chapter.501}% 99
\BOOKMARK [0][-]{section*.515}{\376\377\003\222\003\271\003\262\003\273\003\271\003\277\003\263\003\301\003\261\003\306\003\257\003\261}{}% 100
\BOOKMARK [0][-]{appendix.517}{\376\377\003\224\003\277\003\274\003\256\000\040\000W\000e\000b\000h\000o\000o\000k\000\040\000P\000a\000y\000l\000o\000a\000d}{}% 101
\BOOKMARK [0][-]{appendix.528}{\376\377\003\240\003\261\003\301\003\254\003\264\003\265\003\271\003\263\003\274\003\261\000\040\000A\000u\000t\000o\000\040\000A\000c\000t\000i\000o\000n\000\040\000Q\000u\000e\000r\000y}{}% 102
