This is XeTeX, Version 3.141592653-2.6-0.999997 (TeX Live 2025) (preloaded format=xelatex 2025.12.8)  15 DEC 2025 12:35
entering extended mode
 restricted \write18 enabled.
 %&-line parsing enabled.
**thesis.tex
(./thesis.tex
LaTeX2e <2024-11-01> patch level 2
L3 programming layer <2025-01-18>
(/usr/local/texlive/2025basic/texmf-dist/tex/latex/base/report.cls
Document Class: report 2024/06/29 v1.4n Standard LaTeX document class
(/usr/local/texlive/2025basic/texmf-dist/tex/latex/base/size12.clo
File: size12.clo 2024/06/29 v1.4n Standard LaTeX file (size option)
)
\c@part=\count192
\c@chapter=\count193
\c@section=\count194
\c@subsection=\count195
\c@subsubsection=\count196
\c@paragraph=\count197
\c@subparagraph=\count198
\c@figure=\count199
\c@table=\count266
\abovecaptionskip=\skip49
\belowcaptionskip=\skip50
\bibindent=\dimen141
)
(/usr/local/texlive/2025basic/texmf-dist/tex/latex/fontspec/fontspec.sty
(/usr/local/texlive/2025basic/texmf-dist/tex/latex/l3packages/xparse/xparse.sty
(/usr/local/texlive/2025basic/texmf-dist/tex/latex/l3kernel/expl3.sty
Package: expl3 2025-01-18 L3 programming layer (loader) 

(/usr/local/texlive/2025basic/texmf-dist/tex/latex/l3backend/l3backend-xetex.de
f
File: l3backend-xetex.def 2024-05-08 L3 backend support: XeTeX
\g__graphics_track_int=\count267
\l__pdf_internal_box=\box52
\g__pdf_backend_annotation_int=\count268
\g__pdf_backend_link_int=\count269
))
Package: xparse 2024-08-16 L3 Experimental document command parser
)
Package: fontspec 2024/05/11 v2.9e Font selection for XeLaTeX and LuaLaTeX

(/usr/local/texlive/2025basic/texmf-dist/tex/latex/fontspec/fontspec-xetex.sty
Package: fontspec-xetex 2024/05/11 v2.9e Font selection for XeLaTeX and LuaLaTe
X
\l__fontspec_script_int=\count270
\l__fontspec_language_int=\count271
\l__fontspec_strnum_int=\count272
\l__fontspec_tmp_int=\count273
\l__fontspec_tmpa_int=\count274
\l__fontspec_tmpb_int=\count275
\l__fontspec_tmpc_int=\count276
\l__fontspec_em_int=\count277
\l__fontspec_emdef_int=\count278
\l__fontspec_strong_int=\count279
\l__fontspec_strongdef_int=\count280
\l__fontspec_tmpa_dim=\dimen142
\l__fontspec_tmpb_dim=\dimen143
\l__fontspec_tmpc_dim=\dimen144

(/usr/local/texlive/2025basic/texmf-dist/tex/latex/base/fontenc.sty
Package: fontenc 2021/04/29 v2.0v Standard LaTeX package
)
(/usr/local/texlive/2025basic/texmf-dist/tex/latex/fontspec/fontspec.cfg)))
(/usr/local/texlive/2025basic/texmf-dist/tex/latex/polyglossia/polyglossia.sty
Package: polyglossia 2025/01/31 v2.4 Modern multilingual typesetting with XeLaT
eX and LuaLaTeX

(/usr/local/texlive/2025basic/texmf-dist/tex/latex/etoolbox/etoolbox.sty
Package: etoolbox 2025/02/11 v2.5l e-TeX tools for LaTeX (JAW)
\etb@tempcnta=\count281
)
(/usr/local/texlive/2025basic/texmf-dist/tex/generic/iftex/iftex.sty
Package: iftex 2024/12/12 v1.0g TeX engine tests
)
\l_xpg_alias_keyvals_int=\count282

(/usr/local/texlive/2025basic/texmf-dist/tex/latex/polyglossia/gloss-latex.ldf
File: gloss-latex.ldf polyglossia: module for default language
))
(/usr/local/texlive/2025basic/texmf-dist/tex/latex/polyglossia/gloss-greek.ldf
File: gloss-greek.ldf polyglossia: module for Greek

(/usr/local/texlive/2025basic/texmf-dist/tex/latex/polyglossia/xgreek-fixes.def
)
\@attic@num=\count283
)

Package polyglossia Info: Default language is greek


(/usr/local/texlive/2025basic/texmf-dist/tex/latex/polyglossia/gloss-english.ld
f
File: gloss-english.ldf polyglossia: module for English
)

Package fontspec Info: 
(fontspec)             Font family 'Helvetica(0)' created for font 'Helvetica'
(fontspec)             with options [Ligatures=TeX,Ligatures=TeX].
(fontspec)              
(fontspec)              This font family consists of the following NFSS
(fontspec)             series/shapes:
(fontspec)              
(fontspec)             - 'normal' (m/n) with NFSS spec.:
(fontspec)             <->"Helvetica/AAT:mapping=tex-text;"
(fontspec)             - 'bold' (b/n) with NFSS spec.:
(fontspec)             <->"Helvetica/B/AAT:mapping=tex-text;"
(fontspec)             - 'italic' (m/it) with NFSS spec.:
(fontspec)             <->"Helvetica/I/AAT:mapping=tex-text;"
(fontspec)             - 'bold italic' (b/it) with NFSS spec.:
(fontspec)             <->"Helvetica/BI/AAT:mapping=tex-text;"


Package fontspec Info: 
(fontspec)             Font family 'HelveticaNeue(0)' created for font
(fontspec)             'Helvetica Neue' with options
(fontspec)             [Ligatures=TeX,Ligatures=TeX].
(fontspec)              
(fontspec)              This font family consists of the following NFSS
(fontspec)             series/shapes:
(fontspec)              
(fontspec)             - 'normal' (m/n) with NFSS spec.: <->"Helvetica
(fontspec)             Neue/AAT:mapping=tex-text;"
(fontspec)             - 'bold' (b/n) with NFSS spec.: <->"Helvetica
(fontspec)             Neue/B/AAT:mapping=tex-text;"
(fontspec)             - 'italic' (m/it) with NFSS spec.: <->"Helvetica
(fontspec)             Neue/I/AAT:mapping=tex-text;"
(fontspec)             - 'bold italic' (b/it) with NFSS spec.: <->"Helvetica
(fontspec)             Neue/BI/AAT:mapping=tex-text;"


Package fontspec Info: 
(fontspec)             Menlo scale = 0.85.


Package fontspec Info: 
(fontspec)             Menlo scale = 0.85.


Package fontspec Info: 
(fontspec)             Menlo/B scale = 0.85.


Package fontspec Info: 
(fontspec)             Menlo/I scale = 0.85.


Package fontspec Info: 
(fontspec)             Menlo/BI scale = 0.85.


Package fontspec Info: 
(fontspec)             Font family 'Menlo(0)' created for font 'Menlo' with
(fontspec)             options
(fontspec)             [Ligatures=TeX,WordSpace={1,0,0},HyphenChar=None,Punctua
tionSpace=WordSpace,Scale=0.85].
(fontspec)              
(fontspec)              This font family consists of the following NFSS
(fontspec)             series/shapes:
(fontspec)              
(fontspec)             - 'normal' (m/n) with NFSS spec.:
(fontspec)             <->s*[0.85]"Menlo/AAT:mapping=tex-text;"
(fontspec)             - 'bold' (b/n) with NFSS spec.:
(fontspec)             <->s*[0.85]"Menlo/B/AAT:mapping=tex-text;"
(fontspec)             - 'italic' (m/it) with NFSS spec.:
(fontspec)             <->s*[0.85]"Menlo/I/AAT:mapping=tex-text;"
(fontspec)             - 'bold italic' (b/it) with NFSS spec.:
(fontspec)             <->s*[0.85]"Menlo/BI/AAT:mapping=tex-text;"


Package fontspec Info: 
(fontspec)             Font family 'Helvetica(1)' created for font 'Helvetica'
(fontspec)             with options [Ligatures=TeX].
(fontspec)              
(fontspec)              This font family consists of the following NFSS
(fontspec)             series/shapes:
(fontspec)              
(fontspec)             - 'normal' (m/n) with NFSS spec.:
(fontspec)             <->"Helvetica/AAT:mapping=tex-text;"
(fontspec)             - 'bold' (b/n) with NFSS spec.:
(fontspec)             <->"Helvetica/B/AAT:mapping=tex-text;"
(fontspec)             - 'italic' (m/it) with NFSS spec.:
(fontspec)             <->"Helvetica/I/AAT:mapping=tex-text;"
(fontspec)             - 'bold italic' (b/it) with NFSS spec.:
(fontspec)             <->"Helvetica/BI/AAT:mapping=tex-text;"


Package fontspec Info: 
(fontspec)             Font family 'HelveticaNeue(1)' created for font
(fontspec)             'Helvetica Neue' with options [Ligatures=TeX].
(fontspec)              
(fontspec)              This font family consists of the following NFSS
(fontspec)             series/shapes:
(fontspec)              
(fontspec)             - 'normal' (m/n) with NFSS spec.: <->"Helvetica
(fontspec)             Neue/AAT:mapping=tex-text;"
(fontspec)             - 'bold' (b/n) with NFSS spec.: <->"Helvetica
(fontspec)             Neue/B/AAT:mapping=tex-text;"
(fontspec)             - 'italic' (m/it) with NFSS spec.: <->"Helvetica
(fontspec)             Neue/I/AAT:mapping=tex-text;"
(fontspec)             - 'bold italic' (b/it) with NFSS spec.: <->"Helvetica
(fontspec)             Neue/BI/AAT:mapping=tex-text;"


Package fontspec Info: 
(fontspec)             Script 'Default' not explicitly supported within font
(fontspec)             'Menlo'. Check the typeset output, and if it is okay
(fontspec)             then ignore this warning. Otherwise a different font
(fontspec)             should be chosen.


Package fontspec Info: 
(fontspec)             Menlo scale = 0.85.


Package fontspec Info: 
(fontspec)             Menlo scale = 0.85.


Package fontspec Info: 
(fontspec)             Menlo/B scale = 0.85.


Package fontspec Info: 
(fontspec)             Menlo/I scale = 0.85.


Package fontspec Info: 
(fontspec)             Menlo/BI scale = 0.85.


Package fontspec Info: 
(fontspec)             Font family 'Menlo(1)' created for font 'Menlo' with
(fontspec)             options [Ligatures=TeX,Script=Default,Scale=0.85].
(fontspec)              
(fontspec)              This font family consists of the following NFSS
(fontspec)             series/shapes:
(fontspec)              
(fontspec)             - 'normal' (m/n) with NFSS spec.:
(fontspec)             <->s*[0.85]"Menlo/OT:script=DFLT;language=dflt;mapping=t
ex-text;"
(fontspec)             - 'bold' (b/n) with NFSS spec.:
(fontspec)             <->s*[0.85]"Menlo/B/OT:script=DFLT;language=dflt;mapping
=tex-text;"
(fontspec)             - 'italic' (m/it) with NFSS spec.:
(fontspec)             <->s*[0.85]"Menlo/I/OT:script=DFLT;language=dflt;mapping
=tex-text;"
(fontspec)             - 'bold italic' (b/it) with NFSS spec.:
(fontspec)             <->s*[0.85]"Menlo/BI/OT:script=DFLT;language=dflt;mappin
g=tex-text;"

 (/usr/local/texlive/2025basic/texmf-dist/tex/latex/geometry/geometry.sty
Package: geometry 2020/01/02 v5.9 Page Geometry

(/usr/local/texlive/2025basic/texmf-dist/tex/latex/graphics/keyval.sty
Package: keyval 2022/05/29 v1.15 key=value parser (DPC)
\KV@toks@=\toks17
)
(/usr/local/texlive/2025basic/texmf-dist/tex/generic/iftex/ifvtex.sty
Package: ifvtex 2019/10/25 v1.7 ifvtex legacy package. Use iftex instead.
)
\Gm@cnth=\count284
\Gm@cntv=\count285
\c@Gm@tempcnt=\count286
\Gm@bindingoffset=\dimen145
\Gm@wd@mp=\dimen146
\Gm@odd@mp=\dimen147
\Gm@even@mp=\dimen148
\Gm@layoutwidth=\dimen149
\Gm@layoutheight=\dimen150
\Gm@layouthoffset=\dimen151
\Gm@layoutvoffset=\dimen152
\Gm@dimlist=\toks18
)
(/usr/local/texlive/2025basic/texmf-dist/tex/latex/fancyhdr/fancyhdr.sty
Package: fancyhdr 2025/02/07 v5.2 Extensive control of page headers and footers

\f@nch@headwidth=\skip51
\f@nch@offset@elh=\skip52
\f@nch@offset@erh=\skip53
\f@nch@offset@olh=\skip54
\f@nch@offset@orh=\skip55
\f@nch@offset@elf=\skip56
\f@nch@offset@erf=\skip57
\f@nch@offset@olf=\skip58
\f@nch@offset@orf=\skip59
\f@nch@height=\skip60
\f@nch@footalignment=\skip61
\f@nch@widthL=\skip62
\f@nch@widthC=\skip63
\f@nch@widthR=\skip64
\@temptokenb=\toks19
)
(/usr/local/texlive/2025basic/texmf-dist/tex/latex/graphics/graphicx.sty
Package: graphicx 2021/09/16 v1.2d Enhanced LaTeX Graphics (DPC,SPQR)

(/usr/local/texlive/2025basic/texmf-dist/tex/latex/graphics/graphics.sty
Package: graphics 2024/08/06 v1.4g Standard LaTeX Graphics (DPC,SPQR)

(/usr/local/texlive/2025basic/texmf-dist/tex/latex/graphics/trig.sty
Package: trig 2023/12/02 v1.11 sin cos tan (DPC)
)
(/usr/local/texlive/2025basic/texmf-dist/tex/latex/graphics-cfg/graphics.cfg
File: graphics.cfg 2016/06/04 v1.11 sample graphics configuration
)
Package graphics Info: Driver file: xetex.def on input line 106.

(/usr/local/texlive/2025basic/texmf-dist/tex/latex/graphics-def/xetex.def
File: xetex.def 2022/09/22 v5.0n Graphics/color driver for xetex
))
\Gin@req@height=\dimen153
\Gin@req@width=\dimen154
)
(/usr/local/texlive/2025basic/texmf-dist/tex/latex/float/float.sty
Package: float 2001/11/08 v1.3d Float enhancements (AL)
\c@float@type=\count287
\float@exts=\toks20
\float@box=\box53
\@float@everytoks=\toks21
\@floatcapt=\box54
)
(/usr/local/texlive/2025basic/texmf-dist/tex/latex/caption/subcaption.sty
Package: subcaption 2023/07/28 v1.6b Sub-captions (AR)

(/usr/local/texlive/2025basic/texmf-dist/tex/latex/caption/caption.sty
Package: caption 2023/08/05 v3.6o Customizing captions (AR)

(/usr/local/texlive/2025basic/texmf-dist/tex/latex/caption/caption3.sty
Package: caption3 2023/07/31 v2.4d caption3 kernel (AR)
\caption@tempdima=\dimen155
\captionmargin=\dimen156
\caption@leftmargin=\dimen157
\caption@rightmargin=\dimen158
\caption@width=\dimen159
\caption@indent=\dimen160
\caption@parindent=\dimen161
\caption@hangindent=\dimen162
Package caption Info: Standard document class detected.
)
\c@caption@flags=\count288
\c@continuedfloat=\count289
Package caption Info: float package is loaded.
)
Package caption Info: New subtype `subfigure' on input line 238.
\c@subfigure=\count290
Package caption Info: New subtype `subtable' on input line 238.
\c@subtable=\count291
)
(/usr/local/texlive/2025basic/texmf-dist/tex/latex/booktabs/booktabs.sty
Package: booktabs 2020/01/12 v1.61803398 Publication quality tables
\heavyrulewidth=\dimen163
\lightrulewidth=\dimen164
\cmidrulewidth=\dimen165
\belowrulesep=\dimen166
\belowbottomsep=\dimen167
\aboverulesep=\dimen168
\abovetopsep=\dimen169
\cmidrulesep=\dimen170
\cmidrulekern=\dimen171
\defaultaddspace=\dimen172
\@cmidla=\count292
\@cmidlb=\count293
\@aboverulesep=\dimen173
\@belowrulesep=\dimen174
\@thisruleclass=\count294
\@lastruleclass=\count295
\@thisrulewidth=\dimen175
)
(/usr/local/texlive/2025basic/texmf-dist/tex/latex/tools/longtable.sty
Package: longtable 2024-10-27 v4.22 Multi-page Table package (DPC)
\LTleft=\skip65
\LTright=\skip66
\LTpre=\skip67
\LTpost=\skip68
\LTchunksize=\count296
\LTcapwidth=\dimen176
\LT@head=\box55
\LT@firsthead=\box56
\LT@foot=\box57
\LT@lastfoot=\box58
\LT@gbox=\box59
\LT@cols=\count297
\LT@rows=\count298
\c@LT@tables=\count299
\c@LT@chunks=\count300
\LT@p@ftn=\toks22
)
(/usr/local/texlive/2025basic/texmf-dist/tex/latex/tools/array.sty
Package: array 2024/10/17 v2.6g Tabular extension package (FMi)
\col@sep=\dimen177
\ar@mcellbox=\box60
\extrarowheight=\dimen178
\NC@list=\toks23
\extratabsurround=\skip69
\backup@length=\skip70
\ar@cellbox=\box61
)
(/usr/local/texlive/2025basic/texmf-dist/tex/latex/multirow/multirow.sty
Package: multirow 2024/11/12 v2.9 Span multiple rows of a table
\multirow@colwidth=\skip71
\multirow@cntb=\count301
\multirow@dima=\skip72
\bigstrutjot=\dimen179
)
(/usr/local/texlive/2025basic/texmf-dist/tex/latex/tools/tabularx.sty
Package: tabularx 2023/12/11 v2.12a `tabularx' package (DPC)
\TX@col@width=\dimen180
\TX@old@table=\dimen181
\TX@old@col=\dimen182
\TX@target=\dimen183
\TX@delta=\dimen184
\TX@cols=\count302
\TX@ftn=\toks24
)
(/usr/local/texlive/2025basic/texmf-dist/tex/latex/listings/listings.sty
\lst@mode=\count303
\lst@gtempboxa=\box62
\lst@token=\toks25
\lst@length=\count304
\lst@currlwidth=\dimen185
\lst@column=\count305
\lst@pos=\count306
\lst@lostspace=\dimen186
\lst@width=\dimen187
\lst@newlines=\count307
\lst@lineno=\count308
\lst@maxwidth=\dimen188

(/usr/local/texlive/2025basic/texmf-dist/tex/latex/listings/lstpatch.sty
File: lstpatch.sty 2024/09/23 1.10c (Carsten Heinz)
)
(/usr/local/texlive/2025basic/texmf-dist/tex/latex/listings/lstmisc.sty
File: lstmisc.sty 2024/09/23 1.10c (Carsten Heinz)
\c@lstnumber=\count309
\lst@skipnumbers=\count310
\lst@framebox=\box63
)
(/usr/local/texlive/2025basic/texmf-dist/tex/latex/listings/listings.cfg
File: listings.cfg 2024/09/23 1.10c listings configuration
))
Package: listings 2024/09/23 1.10c (Carsten Heinz)

(/usr/local/texlive/2025basic/texmf-dist/tex/latex/xcolor/xcolor.sty
Package: xcolor 2024/09/29 v3.02 LaTeX color extensions (UK)

(/usr/local/texlive/2025basic/texmf-dist/tex/latex/graphics-cfg/color.cfg
File: color.cfg 2016/01/02 v1.6 sample color configuration
)
Package xcolor Info: Driver file: xetex.def on input line 274.

(/usr/local/texlive/2025basic/texmf-dist/tex/latex/graphics/mathcolor.ltx)
Package xcolor Info: Model `cmy' substituted by `cmy0' on input line 1349.
Package xcolor Info: Model `RGB' extended on input line 1365.
Package xcolor Info: Model `HTML' substituted by `rgb' on input line 1367.
Package xcolor Info: Model `Hsb' substituted by `hsb' on input line 1368.
Package xcolor Info: Model `tHsb' substituted by `hsb' on input line 1369.
Package xcolor Info: Model `HSB' substituted by `hsb' on input line 1370.
Package xcolor Info: Model `Gray' substituted by `gray' on input line 1371.
Package xcolor Info: Model `wave' substituted by `hsb' on input line 1372.
)
(/usr/local/texlive/2025basic/texmf-dist/tex/latex/listings/lstlang1.sty
File: lstlang1.sty 2024/09/23 1.10c listings language file
)
(/usr/local/texlive/2025basic/texmf-dist/tex/latex/amsmath/amsmath.sty
Package: amsmath 2024/11/05 v2.17t AMS math features
\@mathmargin=\skip73

For additional information on amsmath, use the `?' option.
(/usr/local/texlive/2025basic/texmf-dist/tex/latex/amsmath/amstext.sty
Package: amstext 2021/08/26 v2.01 AMS text

(/usr/local/texlive/2025basic/texmf-dist/tex/latex/amsmath/amsgen.sty
File: amsgen.sty 1999/11/30 v2.0 generic functions
\@emptytoks=\toks26
\ex@=\dimen189
))
(/usr/local/texlive/2025basic/texmf-dist/tex/latex/amsmath/amsbsy.sty
Package: amsbsy 1999/11/29 v1.2d Bold Symbols
\pmbraise@=\dimen190
)
(/usr/local/texlive/2025basic/texmf-dist/tex/latex/amsmath/amsopn.sty
Package: amsopn 2022/04/08 v2.04 operator names
)
\inf@bad=\count311
LaTeX Info: Redefining \frac on input line 233.
\uproot@=\count312
\leftroot@=\count313
LaTeX Info: Redefining \overline on input line 398.
LaTeX Info: Redefining \colon on input line 409.
\classnum@=\count314
\DOTSCASE@=\count315
LaTeX Info: Redefining \ldots on input line 495.
LaTeX Info: Redefining \dots on input line 498.
LaTeX Info: Redefining \cdots on input line 619.
\Mathstrutbox@=\box64
\strutbox@=\box65
LaTeX Info: Redefining \big on input line 721.
LaTeX Info: Redefining \Big on input line 722.
LaTeX Info: Redefining \bigg on input line 723.
LaTeX Info: Redefining \Bigg on input line 724.
\big@size=\dimen191
LaTeX Font Info:    Redeclaring font encoding OML on input line 742.
LaTeX Font Info:    Redeclaring font encoding OMS on input line 743.
\macc@depth=\count316
LaTeX Info: Redefining \bmod on input line 904.
LaTeX Info: Redefining \pmod on input line 909.
LaTeX Info: Redefining \smash on input line 939.
LaTeX Info: Redefining \relbar on input line 969.
LaTeX Info: Redefining \Relbar on input line 970.
\c@MaxMatrixCols=\count317
\dotsspace@=\muskip17
\c@parentequation=\count318
\dspbrk@lvl=\count319
\tag@help=\toks27
\row@=\count320
\column@=\count321
\maxfields@=\count322
\andhelp@=\toks28
\eqnshift@=\dimen192
\alignsep@=\dimen193
\tagshift@=\dimen194
\tagwidth@=\dimen195
\totwidth@=\dimen196
\lineht@=\dimen197
\@envbody=\toks29
\multlinegap=\skip74
\multlinetaggap=\skip75
\mathdisplay@stack=\toks30
LaTeX Info: Redefining \[ on input line 2953.
LaTeX Info: Redefining \] on input line 2954.
)
(/usr/local/texlive/2025basic/texmf-dist/tex/latex/amsfonts/amssymb.sty
Package: amssymb 2013/01/14 v3.01 AMS font symbols

(/usr/local/texlive/2025basic/texmf-dist/tex/latex/amsfonts/amsfonts.sty
Package: amsfonts 2013/01/14 v3.01 Basic AMSFonts support
\symAMSa=\mathgroup4
\symAMSb=\mathgroup5
LaTeX Font Info:    Redeclaring math symbol \hbar on input line 98.
LaTeX Font Info:    Overwriting math alphabet `\mathfrak' in version `bold'
(Font)                  U/euf/m/n --> U/euf/b/n on input line 106.
))
(/usr/local/texlive/2025basic/texmf-dist/tex/latex/hyperref/hyperref.sty
Package: hyperref 2024-11-05 v7.01l Hypertext links for LaTeX

(/usr/local/texlive/2025basic/texmf-dist/tex/latex/kvsetkeys/kvsetkeys.sty
Package: kvsetkeys 2022-10-05 v1.19 Key value parser (HO)
)
(/usr/local/texlive/2025basic/texmf-dist/tex/generic/kvdefinekeys/kvdefinekeys.
sty
Package: kvdefinekeys 2019-12-19 v1.6 Define keys (HO)
)
(/usr/local/texlive/2025basic/texmf-dist/tex/generic/pdfescape/pdfescape.sty
Package: pdfescape 2019/12/09 v1.15 Implements pdfTeX's escape features (HO)

(/usr/local/texlive/2025basic/texmf-dist/tex/generic/ltxcmds/ltxcmds.sty
Package: ltxcmds 2023-12-04 v1.26 LaTeX kernel commands for general use (HO)
)
(/usr/local/texlive/2025basic/texmf-dist/tex/generic/pdftexcmds/pdftexcmds.sty
Package: pdftexcmds 2020-06-27 v0.33 Utility functions of pdfTeX for LuaTeX (HO
)

(/usr/local/texlive/2025basic/texmf-dist/tex/generic/infwarerr/infwarerr.sty
Package: infwarerr 2019/12/03 v1.5 Providing info/warning/error messages (HO)
)
Package pdftexcmds Info: \pdf@primitive is available.
Package pdftexcmds Info: \pdf@ifprimitive is available.
Package pdftexcmds Info: \pdfdraftmode not found.
)) (/usr/local/texlive/2025basic/texmf-dist/tex/latex/hycolor/hycolor.sty
Package: hycolor 2020-01-27 v1.10 Color options for hyperref/bookmark (HO)
)
(/usr/local/texlive/2025basic/texmf-dist/tex/latex/hyperref/nameref.sty
Package: nameref 2023-11-26 v2.56 Cross-referencing by name of section

(/usr/local/texlive/2025basic/texmf-dist/tex/latex/refcount/refcount.sty
Package: refcount 2019/12/15 v3.6 Data extraction from label references (HO)
)
(/usr/local/texlive/2025basic/texmf-dist/tex/generic/gettitlestring/gettitlestr
ing.sty
Package: gettitlestring 2019/12/15 v1.6 Cleanup title references (HO)

(/usr/local/texlive/2025basic/texmf-dist/tex/latex/kvoptions/kvoptions.sty
Package: kvoptions 2022-06-15 v3.15 Key value format for package options (HO)
))
\c@section@level=\count323
)
(/usr/local/texlive/2025basic/texmf-dist/tex/generic/stringenc/stringenc.sty
Package: stringenc 2019/11/29 v1.12 Convert strings between diff. encodings (HO
)
)
\@linkdim=\dimen198
\Hy@linkcounter=\count324
\Hy@pagecounter=\count325

(/usr/local/texlive/2025basic/texmf-dist/tex/latex/hyperref/pd1enc.def
File: pd1enc.def 2024-11-05 v7.01l Hyperref: PDFDocEncoding definition (HO)
)
(/usr/local/texlive/2025basic/texmf-dist/tex/generic/intcalc/intcalc.sty
Package: intcalc 2019/12/15 v1.3 Expandable calculations with integers (HO)
)
\Hy@SavedSpaceFactor=\count326

(/usr/local/texlive/2025basic/texmf-dist/tex/latex/hyperref/puenc.def
File: puenc.def 2024-11-05 v7.01l Hyperref: PDF Unicode definition (HO)
)
Package hyperref Info: Hyper figures OFF on input line 4157.
Package hyperref Info: Link nesting OFF on input line 4162.
Package hyperref Info: Hyper index ON on input line 4165.
Package hyperref Info: Plain pages OFF on input line 4172.
Package hyperref Info: Backreferencing OFF on input line 4177.
Package hyperref Info: Implicit mode ON; LaTeX internals redefined.
Package hyperref Info: Bookmarks ON on input line 4424.
\c@Hy@tempcnt=\count327

(/usr/local/texlive/2025basic/texmf-dist/tex/latex/url/url.sty
\Urlmuskip=\muskip18
Package: url 2013/09/16  ver 3.4  Verb mode for urls, etc.
)
LaTeX Info: Redefining \url on input line 4763.
\XeTeXLinkMargin=\dimen199

(/usr/local/texlive/2025basic/texmf-dist/tex/generic/bitset/bitset.sty
Package: bitset 2019/12/09 v1.3 Handle bit-vector datatype (HO)

(/usr/local/texlive/2025basic/texmf-dist/tex/generic/bigintcalc/bigintcalc.sty
Package: bigintcalc 2019/12/15 v1.5 Expandable calculations on big integers (HO
)
))
\Fld@menulength=\count328
\Field@Width=\dimen256
\Fld@charsize=\dimen257
Package hyperref Info: Hyper figures OFF on input line 6042.
Package hyperref Info: Link nesting OFF on input line 6047.
Package hyperref Info: Hyper index ON on input line 6050.
Package hyperref Info: backreferencing OFF on input line 6057.
Package hyperref Info: Link coloring OFF on input line 6062.
Package hyperref Info: Link coloring with OCG OFF on input line 6067.
Package hyperref Info: PDF/A mode OFF on input line 6072.
 (/usr/local/texlive/2025basic/texmf-dist/tex/latex/base/atbegshi-ltx.sty
Package: atbegshi-ltx 2021/01/10 v1.0c Emulation of the original atbegshi
package with kernel methods
)
\Hy@abspage=\count329
\c@Item=\count330
\c@Hfootnote=\count331
)
Package hyperref Info: Driver (autodetected): hxetex.

(/usr/local/texlive/2025basic/texmf-dist/tex/latex/hyperref/hxetex.def
File: hxetex.def 2024-11-05 v7.01l Hyperref driver for XeTeX
\pdfm@box=\box66
\c@Hy@AnnotLevel=\count332
\HyField@AnnotCount=\count333
\Fld@listcount=\count334
\c@bookmark@seq@number=\count335

(/usr/local/texlive/2025basic/texmf-dist/tex/latex/rerunfilecheck/rerunfilechec
k.sty
Package: rerunfilecheck 2022-07-10 v1.10 Rerun checks for auxiliary files (HO)
 (/usr/local/texlive/2025basic/texmf-dist/tex/latex/base/atveryend-ltx.sty
Package: atveryend-ltx 2020/08/19 v1.0a Emulation of the original atveryend pac
kage
with kernel methods
)
(/usr/local/texlive/2025basic/texmf-dist/tex/generic/uniquecounter/uniquecounte
r.sty
Package: uniquecounter 2019/12/15 v1.4 Provide unlimited unique counter (HO)
)
Package uniquecounter Info: New unique counter `rerunfilecheck' on input line 2
85.
)
\Hy@SectionHShift=\skip76
)
Package hyperref Info: Option `colorlinks' set `true' on input line 128.

(/usr/local/texlive/2025basic/texmf-dist/tex/latex/biblatex/biblatex.sty
Package: biblatex 2025/07/10 v3.21 programmable bibliographies (PK/MW)

(/usr/local/texlive/2025basic/texmf-dist/tex/latex/logreq/logreq.sty
Package: logreq 2010/08/04 v1.0 xml request logger
\lrq@indent=\count336

(/usr/local/texlive/2025basic/texmf-dist/tex/latex/logreq/logreq.def
File: logreq.def 2010/08/04 v1.0 logreq spec v1.0
))
(/usr/local/texlive/2025basic/texmf-dist/tex/latex/base/ifthen.sty
Package: ifthen 2024/03/16 v1.1e Standard LaTeX ifthen package (DPC)
)
\c@tabx@nest=\count337
\c@listtotal=\count338
\c@listcount=\count339
\c@liststart=\count340
\c@liststop=\count341
\c@citecount=\count342
\c@citetotal=\count343
\c@multicitecount=\count344
\c@multicitetotal=\count345
\c@instcount=\count346
\c@maxnames=\count347
\c@minnames=\count348
\c@maxitems=\count349
\c@minitems=\count350
\c@citecounter=\count351
\c@maxcitecounter=\count352
\c@savedcitecounter=\count353
\c@uniquelist=\count354
\c@uniquename=\count355
\c@refsection=\count356
\c@refsegment=\count357
\c@maxextratitle=\count358
\c@maxextratitleyear=\count359
\c@maxextraname=\count360
\c@maxextradate=\count361
\c@maxextraalpha=\count362
\c@abbrvpenalty=\count363
\c@highnamepenalty=\count364
\c@lownamepenalty=\count365
\c@maxparens=\count366
\c@parenlevel=\count367
\blx@tempcnta=\count368
\blx@tempcntb=\count369
\blx@tempcntc=\count370
\c@blx@maxsection=\count371
\blx@maxsegment@0=\count372
\blx@notetype=\count373
\blx@parenlevel@text=\count374
\blx@parenlevel@foot=\count375
\blx@sectionciteorder@0=\count376
\blx@sectionciteorderinternal@0=\count377
\blx@entrysetcounter=\count378
\blx@biblioinstance=\count379
\labelnumberwidth=\skip77
\labelalphawidth=\skip78
\biblabelsep=\skip79
\bibitemsep=\skip80
\bibnamesep=\skip81
\bibinitsep=\skip82
\bibparsep=\skip83
\bibhang=\skip84
\blx@bcfin=\read2
\blx@bcfout=\write3
\blx@langwohyphens=\language27
\c@mincomprange=\count380
\c@maxcomprange=\count381
\c@mincompwidth=\count382
Package biblatex Info: Trying to load biblatex default data model...
Package biblatex Info: ... file 'blx-dm.def' found.

(/usr/local/texlive/2025basic/texmf-dist/tex/latex/biblatex/blx-dm.def
File: blx-dm.def 2025/07/10 v3.21 biblatex datamodel (PK/MW)
)
Package biblatex Info: Trying to load biblatex style data model...
Package biblatex Info: ... file 'numeric.dbx' not found.
Package biblatex Info: Trying to load biblatex custom data model...
Package biblatex Info: ... file 'biblatex-dm.cfg' not found.
\c@afterword=\count383
\c@savedafterword=\count384
\c@annotator=\count385
\c@savedannotator=\count386
\c@author=\count387
\c@savedauthor=\count388
\c@bookauthor=\count389
\c@savedbookauthor=\count390
\c@commentator=\count391
\c@savedcommentator=\count392
\c@editor=\count393
\c@savededitor=\count394
\c@editora=\count395
\c@savededitora=\count396
\c@editorb=\count397
\c@savededitorb=\count398
\c@editorc=\count399
\c@savededitorc=\count400
\c@foreword=\count401
\c@savedforeword=\count402
\c@holder=\count403
\c@savedholder=\count404
\c@introduction=\count405
\c@savedintroduction=\count406
\c@namea=\count407
\c@savednamea=\count408
\c@nameb=\count409
\c@savednameb=\count410
\c@namec=\count411
\c@savednamec=\count412
\c@translator=\count413
\c@savedtranslator=\count414
\c@shortauthor=\count415
\c@savedshortauthor=\count416
\c@shorteditor=\count417
\c@savedshorteditor=\count418
\c@labelname=\count419
\c@savedlabelname=\count420
\c@institution=\count421
\c@savedinstitution=\count422
\c@lista=\count423
\c@savedlista=\count424
\c@listb=\count425
\c@savedlistb=\count426
\c@listc=\count427
\c@savedlistc=\count428
\c@listd=\count429
\c@savedlistd=\count430
\c@liste=\count431
\c@savedliste=\count432
\c@listf=\count433
\c@savedlistf=\count434
\c@location=\count435
\c@savedlocation=\count436
\c@organization=\count437
\c@savedorganization=\count438
\c@origlocation=\count439
\c@savedoriglocation=\count440
\c@origpublisher=\count441
\c@savedorigpublisher=\count442
\c@publisher=\count443
\c@savedpublisher=\count444
\c@language=\count445
\c@savedlanguage=\count446
\c@origlanguage=\count447
\c@savedoriglanguage=\count448
\c@pageref=\count449
\c@savedpageref=\count450
\shorthandwidth=\skip85
\shortjournalwidth=\skip86
\shortserieswidth=\skip87
\shorttitlewidth=\skip88
\shortauthorwidth=\skip89
\shorteditorwidth=\skip90
\locallabelnumberwidth=\skip91
\locallabelalphawidth=\skip92
\localshorthandwidth=\skip93
\localshortjournalwidth=\skip94
\localshortserieswidth=\skip95
\localshorttitlewidth=\skip96
\localshortauthorwidth=\skip97
\localshorteditorwidth=\skip98
Package biblatex Info: Trying to load enhanced support for Unicode engines...
Package biblatex Info: ... file 'blx-unicode.def' found.

(/usr/local/texlive/2025basic/texmf-dist/tex/latex/biblatex/blx-unicode.def)
Package biblatex Info: Trying to load compatibility code...
Package biblatex Info: ... file 'blx-compat.def' found.

(/usr/local/texlive/2025basic/texmf-dist/tex/latex/biblatex/blx-compat.def
File: blx-compat.def 2025/07/10 v3.21 biblatex compatibility (PK/MW)
)
Package biblatex Info: Trying to load generic definitions...
Package biblatex Info: ... file 'biblatex.def' found.

(/usr/local/texlive/2025basic/texmf-dist/tex/latex/biblatex/biblatex.def
File: biblatex.def 2025/07/10 v3.21 biblatex compatibility (PK/MW)
\c@textcitecount=\count451
\c@textcitetotal=\count452
\c@textcitemaxnames=\count453
\c@biburlbigbreakpenalty=\count454
\c@biburlbreakpenalty=\count455
\c@biburlnumpenalty=\count456
\c@biburlucpenalty=\count457
\c@biburllcpenalty=\count458
\biburlbigskip=\muskip19
\biburlnumskip=\muskip20
\biburlucskip=\muskip21
\biburllcskip=\muskip22
\c@smartand=\count459
)
Package biblatex Info: Trying to load bibliography style 'numeric'...
Package biblatex Info: ... file 'numeric.bbx' found.

(/usr/local/texlive/2025basic/texmf-dist/tex/latex/biblatex/bbx/numeric.bbx
File: numeric.bbx 2025/07/10 v3.21 biblatex bibliography style (PK/MW)
Package biblatex Info: Trying to load bibliography style 'standard'...
Package biblatex Info: ... file 'standard.bbx' found.

(/usr/local/texlive/2025basic/texmf-dist/tex/latex/biblatex/bbx/standard.bbx
File: standard.bbx 2025/07/10 v3.21 biblatex bibliography style (PK/MW)
\c@bbx:relatedcount=\count460
\c@bbx:relatedtotal=\count461
))
Package biblatex Info: Trying to load citation style 'numeric'...
Package biblatex Info: ... file 'numeric.cbx' found.

(/usr/local/texlive/2025basic/texmf-dist/tex/latex/biblatex/cbx/numeric.cbx
File: numeric.cbx 2025/07/10 v3.21 biblatex citation style (PK/MW)
Package biblatex Info: Redefining '\cite'.
Package biblatex Info: Redefining '\parencite'.
Package biblatex Info: Redefining '\footcite'.
Package biblatex Info: Redefining '\footcitetext'.
Package biblatex Info: Redefining '\smartcite'.
Package biblatex Info: Redefining '\supercite'.
Package biblatex Info: Redefining '\textcite'.
Package biblatex Info: Redefining '\textcites'.
Package biblatex Info: Redefining '\cites'.
Package biblatex Info: Redefining '\parencites'.
Package biblatex Info: Redefining '\smartcites'.
)
Package biblatex Info: Trying to load configuration file...
Package biblatex Info: ... file 'biblatex.cfg' found.

(/usr/local/texlive/2025basic/texmf-dist/tex/latex/biblatex/biblatex.cfg
File: biblatex.cfg 
)
Package biblatex Info: XeTeX detected.
(biblatex)             Assuming input encoding 'utf8'.
Package biblatex Info: Document encoding is UTF8 ....
Package biblatex Info: ... and expl3
(biblatex)             2025-01-18 L3 programming layer (loader) 
(biblatex)             is new enough (at least 2020/04/06),
(biblatex)             setting 'casechanger=expl3'.

(/usr/local/texlive/2025basic/texmf-dist/tex/latex/biblatex/blx-case-expl3.sty
Package: blx-case-expl3 2025/07/10 v3.21 expl3 case changing code for biblatex
)) (/usr/local/texlive/2025basic/texmf-dist/tex/latex/setspace/setspace.sty
Package: setspace 2022/12/04 v6.7b set line spacing
)
(/usr/local/texlive/2025basic/texmf-dist/tex/latex/titlesec/titlesec.sty
Package: titlesec 2025/01/04 v2.17 Sectioning titles
\ttl@box=\box67
\beforetitleunit=\skip99
\aftertitleunit=\skip100
\ttl@plus=\dimen258
\ttl@minus=\dimen259
\ttl@toksa=\toks31
\titlewidth=\dimen260
\titlewidthlast=\dimen261
\titlewidthfirst=\dimen262
)
\@quotelevel=\count462
\@quotereset=\count463

(./thesis.aux)
\openout1 = `thesis.aux'.

LaTeX Font Info:    Checking defaults for OML/cmm/m/it on input line 169.
LaTeX Font Info:    ... okay on input line 169.
LaTeX Font Info:    Checking defaults for OMS/cmsy/m/n on input line 169.
LaTeX Font Info:    ... okay on input line 169.
LaTeX Font Info:    Checking defaults for OT1/cmr/m/n on input line 169.
LaTeX Font Info:    ... okay on input line 169.
LaTeX Font Info:    Checking defaults for T1/cmr/m/n on input line 169.
LaTeX Font Info:    ... okay on input line 169.
LaTeX Font Info:    Checking defaults for TS1/cmr/m/n on input line 169.
LaTeX Font Info:    ... okay on input line 169.
LaTeX Font Info:    Checking defaults for TU/lmr/m/n on input line 169.
LaTeX Font Info:    ... okay on input line 169.
LaTeX Font Info:    Checking defaults for OMX/cmex/m/n on input line 169.
LaTeX Font Info:    ... okay on input line 169.
LaTeX Font Info:    Checking defaults for U/cmr/m/n on input line 169.
LaTeX Font Info:    ... okay on input line 169.
LaTeX Font Info:    Checking defaults for PD1/pdf/m/n on input line 169.
LaTeX Font Info:    ... okay on input line 169.
LaTeX Font Info:    Checking defaults for PU/pdf/m/n on input line 169.
LaTeX Font Info:    ... okay on input line 169.

Package fontspec Info: 
(fontspec)             Adjusting the maths setup (use [no-math] to avoid
(fontspec)             this).

\symlegacymaths=\mathgroup6
LaTeX Font Info:    Overwriting symbol font `legacymaths' in version `bold'
(Font)                  OT1/cmr/m/n --> OT1/cmr/bx/n on input line 169.
LaTeX Font Info:    Redeclaring math accent \acute on input line 169.
LaTeX Font Info:    Redeclaring math accent \grave on input line 169.
LaTeX Font Info:    Redeclaring math accent \ddot on input line 169.
LaTeX Font Info:    Redeclaring math accent \tilde on input line 169.
LaTeX Font Info:    Redeclaring math accent \bar on input line 169.
LaTeX Font Info:    Redeclaring math accent \breve on input line 169.
LaTeX Font Info:    Redeclaring math accent \check on input line 169.
LaTeX Font Info:    Redeclaring math accent \hat on input line 169.
LaTeX Font Info:    Redeclaring math accent \dot on input line 169.
LaTeX Font Info:    Redeclaring math accent \mathring on input line 169.
LaTeX Font Info:    Redeclaring math symbol \Gamma on input line 169.
LaTeX Font Info:    Redeclaring math symbol \Delta on input line 169.
LaTeX Font Info:    Redeclaring math symbol \Theta on input line 169.
LaTeX Font Info:    Redeclaring math symbol \Lambda on input line 169.
LaTeX Font Info:    Redeclaring math symbol \Xi on input line 169.
LaTeX Font Info:    Redeclaring math symbol \Pi on input line 169.
LaTeX Font Info:    Redeclaring math symbol \Sigma on input line 169.
LaTeX Font Info:    Redeclaring math symbol \Upsilon on input line 169.
LaTeX Font Info:    Redeclaring math symbol \Phi on input line 169.
LaTeX Font Info:    Redeclaring math symbol \Psi on input line 169.
LaTeX Font Info:    Redeclaring math symbol \Omega on input line 169.
LaTeX Font Info:    Redeclaring math symbol \mathdollar on input line 169.
LaTeX Font Info:    Redeclaring symbol font `operators' on input line 169.
LaTeX Font Info:    Encoding `OT1' has changed to `TU' for symbol font
(Font)              `operators' in the math version `normal' on input line 169.

LaTeX Font Info:    Overwriting symbol font `operators' in version `normal'
(Font)                  OT1/cmr/m/n --> TU/Helvetica(0)/m/n on input line 169.
LaTeX Font Info:    Encoding `OT1' has changed to `TU' for symbol font
(Font)              `operators' in the math version `bold' on input line 169.
LaTeX Font Info:    Overwriting symbol font `operators' in version `bold'
(Font)                  OT1/cmr/bx/n --> TU/Helvetica(0)/m/n on input line 169.

LaTeX Font Info:    Overwriting symbol font `operators' in version `normal'
(Font)                  TU/Helvetica(0)/m/n --> TU/Helvetica(0)/m/n on input li
ne 169.
LaTeX Font Info:    Overwriting math alphabet `\mathit' in version `normal'
(Font)                  OT1/cmr/m/it --> TU/Helvetica(0)/m/it on input line 169
.
LaTeX Font Info:    Overwriting math alphabet `\mathbf' in version `normal'
(Font)                  OT1/cmr/bx/n --> TU/Helvetica(0)/b/n on input line 169.

LaTeX Font Info:    Overwriting math alphabet `\mathsf' in version `normal'
(Font)                  OT1/cmss/m/n --> TU/HelveticaNeue(0)/m/n on input line 
169.
LaTeX Font Info:    Overwriting math alphabet `\mathtt' in version `normal'
(Font)                  OT1/cmtt/m/n --> TU/Menlo(0)/m/n on input line 169.
LaTeX Font Info:    Overwriting symbol font `operators' in version `bold'
(Font)                  TU/Helvetica(0)/m/n --> TU/Helvetica(0)/b/n on input li
ne 169.
LaTeX Font Info:    Overwriting math alphabet `\mathit' in version `bold'
(Font)                  OT1/cmr/bx/it --> TU/Helvetica(0)/b/it on input line 16
9.
LaTeX Font Info:    Overwriting math alphabet `\mathsf' in version `bold'
(Font)                  OT1/cmss/bx/n --> TU/HelveticaNeue(0)/b/n on input line
 169.
LaTeX Font Info:    Overwriting math alphabet `\mathtt' in version `bold'
(Font)                  OT1/cmtt/m/n --> TU/Menlo(0)/b/n on input line 169.

*geometry* driver: auto-detecting
*geometry* detected driver: xetex
*geometry* verbose mode - [ preamble ] result:
* driver: xetex
* paper: a4paper
* layout: <same size as paper>
* layoutoffset:(h,v)=(0.0pt,0.0pt)
* modes: twoside 
* h-part:(L,W,R)=(85.35826pt, 441.01773pt, 71.13188pt)
* v-part:(T,H,B)=(71.13188pt, 702.78308pt, 71.13188pt)
* \paperwidth=597.50787pt
* \paperheight=845.04684pt
* \textwidth=441.01773pt
* \textheight=702.78308pt
* \oddsidemargin=13.08827pt
* \evensidemargin=-1.1381pt
* \topmargin=-41.1381pt
* \headheight=15.0pt
* \headsep=25.0pt
* \topskip=12.0pt
* \footskip=30.0pt
* \marginparwidth=85.0pt
* \marginparsep=10.0pt
* \columnsep=10.0pt
* \skip\footins=10.8pt plus 4.0pt minus 2.0pt
* \hoffset=0.0pt
* \voffset=0.0pt
* \mag=1000
* \@twocolumnfalse
* \@twosidetrue
* \@mparswitchtrue
* \@reversemarginfalse
* (1in=72.27pt=25.4mm, 1cm=28.453pt)

Package caption Info: Begin \AtBeginDocument code.
Package caption Info: hyperref package is loaded.
Package caption Info: listings package is loaded.
Package caption Info: longtable package is loaded.
(/usr/local/texlive/2025basic/texmf-dist/tex/latex/caption/ltcaption.sty
Package: ltcaption 2021/01/08 v1.4c longtable captions (AR)
)
Package caption Info: End \AtBeginDocument code.
\c@lstlisting=\count464
Package hyperref Info: Link coloring ON on input line 169.

(./thesis.out) (./thesis.out)
\@outlinefile=\write4
\openout4 = `thesis.out'.

Package biblatex Info: Trying to load language 'american'...
Package biblatex Info: ... file 'american.lbx' found.

(/usr/local/texlive/2025basic/texmf-dist/tex/latex/biblatex/lbx/american.lbx
File: american.lbx 2025/07/10 v3.21 biblatex localization (PK/MW)
Package biblatex Info: Trying to load language 'english'...
Package biblatex Info: ... file 'english.lbx' found.

(/usr/local/texlive/2025basic/texmf-dist/tex/latex/biblatex/lbx/english.lbx
File: english.lbx 2025/07/10 v3.21 biblatex localization (PK/MW)
)
Package biblatex Info: Trying to load language 'english'...
Package biblatex Info: ... file 'english.lbx' found.

(/usr/local/texlive/2025basic/texmf-dist/tex/latex/biblatex/lbx/english.lbx
File: english.lbx 2025/07/10 v3.21 biblatex localization (PK/MW)
))
Package biblatex Info: Trying to load language 'greek'...
Package biblatex Info: ... file 'greek.lbx' found.

(/usr/local/texlive/2025basic/texmf-dist/tex/latex/biblatex/lbx/greek.lbx
File: greek.lbx 2025/07/10 v3.21 biblatex localization (PK/MW)
)
Package biblatex Info: XeTeX detected.
(biblatex)             Assuming input encoding 'utf8'.
Package biblatex Info: Automatic encoding selection.
(biblatex)             Assuming data encoding 'utf8'.
\openout3 = `thesis.bcf'.

Package biblatex Info: Trying to load bibliographic data...
Package biblatex Info: ... file 'thesis.bbl' found.

(./thesis.bbl)
Package biblatex Info: Reference section=0 on input line 169.
Package biblatex Info: Reference segment=0 on input line 169.


[1

]

[2]

[3

]

[4


]
Overfull \hbox (1.50096pt too wide) in paragraph at lines 251--252
\TU/Helvetica(1)/m/n/12 Vercel), επιτρέποντας στους διαχειριστές να ξεκινούν με
 μηδενικό κόστος υπο-
 []


Overfull \hbox (0.33188pt too wide) in paragraph at lines 253--254
[]\TU/Helvetica(1)/m/n/12 Κεντρικό στοιχείο της καινοτομίας αποτελεί η ενσωμάτω
ση Large Language
 []


Overfull \hbox (9.48196pt too wide) in paragraph at lines 258--259
\TU/Helvetica(1)/b/n/12 Λέξεις-κλειδιά: \TU/Helvetica(1)/m/n/12 Property Manage
ment System, Rapid Development, Large Language
 []


Overfull \hbox (10.98393pt too wide) in paragraph at lines 258--259
\TU/Helvetica(1)/m/n/12 Models, PayloadCMS, Next.js, TypeScript, Serverless, Ch
annel Manager, Auto Actions 
 []



[5]

[6


]

[7]

[8


]

[9]

[10


] (./thesis.toc
LaTeX Font Info:    Trying to load font information for U+msa on input line 10.


(/usr/local/texlive/2025basic/texmf-dist/tex/latex/amsfonts/umsa.fd
File: umsa.fd 2013/01/14 v3.01 AMS symbols A
)
LaTeX Font Info:    Trying to load font information for U+msb on input line 10.


(/usr/local/texlive/2025basic/texmf-dist/tex/latex/amsfonts/umsb.fd
File: umsb.fd 2013/01/14 v3.01 AMS symbols B
)

[11]

[12])
\tf@toc=\write5
\openout5 = `thesis.toc'.



[13]

[14


] (./thesis.lof
Overfull \hbox (42.0897pt too wide) in paragraph at lines 3--3
 [][] [][][]\TU/Helvetica(1)/m/n/12 Το τεχνολογικό stack της πλατφόρμας (Next.j
s, PayloadCMS, PostgreSQL, 
 []


Overfull \hbox (1.00429pt too wide) in paragraph at lines 23--23
 [][] [][][]\TU/Helvetica(1)/m/n/12 Η σελίδα του Ημερολογίου (Calendar). Το αρχ
ικό ημερολόγιο έχει 
 []



[15])
\tf@lof=\write6
\openout6 = `thesis.lof'.



[16] (./thesis.lot)
\tf@lot=\write7
\openout7 = `thesis.lot'.



[17


]

[18


]
Κεφάλαιο 1.

Overfull \hbox (15.06346pt too wide) in paragraph at lines 316--317
\TU/Helvetica(1)/m/n/12 και η ανάπτυξη ενός ολοκληρωμένου πληροφοριακού συστήμα
τος, του «Lunarety
 []


Overfull \hbox (15.04758pt too wide) in paragraph at lines 324--325
[]\TU/Helvetica(1)/m/n/12 Η δημιουργία ενός robust συστήματος διαχείρισης σχέσε
ων Manager-Owner,
 []


Overfull \hbox (10.37961pt too wide) in paragraph at lines 333--334
[]\TU/Helvetica(1)/m/n/12 Η παρούσα εργασία απευθύνεται κυρίως σε επαγγελματίες
 Property Managers
 []



[19]
Overfull \hbox (1.68344pt too wide) in paragraph at lines 336--337
[]\TU/Helvetica(1)/m/n/12 Οι Managers συχνά αναγκάζονται να χρησιμοποιούν πολύπ
λοκα λογισμικά
 []


Overfull \hbox (2.47252pt too wide) in paragraph at lines 337--338
[]\TU/Helvetica(1)/m/n/12 Η ενημέρωση των Owners για κρατήσεις, πληρότητες και 
οικονομικά στοι-
 []


Overfull \hbox (27.38547pt too wide) in paragraph at lines 338--339
[]\TU/Helvetica(1)/m/n/12 Η δημιουργία λογαριασμών για Owners μέσα στα υπάρχοντ
α Channel Managers
 []



[20]
Κεφάλαιο 2.
File: ./images/tech_stack_logos.png Graphic file (type bmp)
<./images/tech_stack_logos.png>

Underfull \hbox (badness 10000) in paragraph at lines 360--360
[][]|\TU/Helvetica(1)/m/n/10.95 Το τεχνολογικό stack της πλατφόρμας (Next.js, P
ayloadCMS,
 []


Underfull \vbox (badness 10000) has occurred while \output is active []



[21

]

[22]
Overfull \hbox (47.98117pt too wide) in paragraph at lines 405--406
[]\TU/Helvetica(1)/m/n/12 Η βάση του frontend για τη δημιουργία επαναχρησιμοποι
ήσιμων components [[][]10[][]]. 
 []


Overfull \hbox (15.85141pt too wide) in paragraph at lines 406--407
[]\TU/Helvetica(1)/m/n/12 Χρησιμοποιήθηκε για τη διαχείριση της κατάστασης (sta
te management)
 []

LaTeX Font Info:    Font shape `TU/Menlo(1)/m/n' will be
(Font)              scaled to size 10.20007pt on input line 415.

Overfull \hbox (9.8772pt too wide) in paragraph at lines 415--416
[]\TU/Helvetica(1)/m/n/12 Η βιβλιοθήκη \TU/Menlo(1)/m/n/12 next-swagger-doc \TU
/Helvetica(1)/m/n/12 παράγει αυτόματα το documentation
 []


Overfull \hbox (0.14032pt too wide) in paragraph at lines 416--417
[]\TU/Helvetica(1)/m/n/12 Η βιβλιοθήκη \TU/Menlo(1)/m/n/12 openapi-typescript-c
odegen \TU/Helvetica(1)/m/n/12 χρησιμοποιείται στο Website
 []



[23]
Overfull \hbox (3.79942pt too wide) in paragraph at lines 441--442
\TU/Helvetica(1)/m/n/12 OpenAPI, το οποίο επιτρέπει την εύκολη παραγωγή κώδικα 
(μέσω \TU/Menlo(1)/m/n/12 swagger-
 []



[24]
Κεφάλαιο 3.

Overfull \hbox (19.21376pt too wide) in paragraph at lines 447--447
|\TU/Helvetica(1)/b/n/24.88 Μεθοδολογία και Ανάλυση Απαιτήσεων| 
 []


Overfull \hbox (7.87114pt too wide) in paragraph at lines 456--457
[]\TU/Helvetica(0)/b/n/12 Platform Users (Admins): \TU/Helvetica(1)/m/n/12 Οι δ
ιαχειριστές της πλατφόρμας Lunarety. Έχουν
 []



[25

]
File: ./images/user_hierarchy.png Graphic file (type bmp)
<./images/user_hierarchy.png>


[26]

[27]
Package hyperref Info: bookmark level for unknown lstlisting defaults to 0 on i
nput line 545.
LaTeX Font Info:    Font shape `TU/Menlo(1)/m/n' will be
(Font)              scaled to size 8.50006pt on input line 545.
LaTeX Font Info:    Font shape `TU/Menlo(1)/b/n' will be
(Font)              scaled to size 8.50006pt on input line 559.


[28]
File: ./images/system_architecture.png Graphic file (type bmp)
<./images/system_architecture.png>

Underfull \vbox (badness 10000) has occurred while \output is active []



[29]

[30]
Overfull \hbox (9.60703pt too wide) in paragraph at lines 634--635
[]\TU/Helvetica(1)/m/n/12 Η βάση δεδομένων (PostgreSQL) οργανώνεται γύρω από τι
ς κύριες collections
 []


Overfull \hbox (15.52864pt too wide) in paragraph at lines 648--648
[]|\TU/Helvetica(1)/m/n/12 Χρεώσεις/Τιμολόγια|  
 []



[31]
Overfull \hbox (50.80852pt too wide) in paragraph at lines 709--710
[]\TU/Menlo(1)/m/n/12 syncChannelBooking_beforeChangeHook \TU/Helvetica(1)/m/n/
12 (beforeChange) – Υπολογισμός commissions,
 []

File: ./erd/data_model_erd.png Graphic file (type bmp)
<./erd/data_model_erd.png>


[32]

[33]

[34

]
Κεφάλαιο 4.


[35]
Overfull \hbox (8.35194pt too wide) in paragraph at lines 751--752
[]\TU/Helvetica(0)/b/n/12 Webhook Configuration: \TU/Helvetica(1)/m/n/12 Για κά
θε Property, ρυθμίζεται αυτόματα το Beds24
 []

LaTeX Font Info:    Font shape `TU/Menlo(1)/m/it' will be
(Font)              scaled to size 8.50006pt on input line 755.

Overfull \hbox (27.48927pt too wide) in paragraph at lines 760--761
[][][][][][][][][][][][][][][][][][][][][][]  
 []

File: ./images/booking_import_flowchart.jpg Graphic file (type bmp)
<./images/booking_import_flowchart.jpg>

Underfull \vbox (badness 10000) has occurred while \output is active []



[36]

[37]
Overfull \hbox (1.31932pt too wide) in paragraph at lines 815--816
[]\TU/Helvetica(1)/m/n/12 Όταν μια κράτηση δημιουργείται ή ενημερώνεται στο Bed
s24, η πλατφόρμα
 []

File: ./images/commission_structure.png Graphic file (type bmp)
<./images/commission_structure.png>

Underfull \vbox (badness 10000) has occurred while \output is active []



[38]
File: ./images/booking_sync.png Graphic file (type bmp)
<./images/booking_sync.png>

Underfull \vbox (badness 10000) has occurred while \output is active []



[39]

[40]

[41]

[42]
Overfull \hbox (17.45445pt too wide) in paragraph at lines 977--978
\TU/Helvetica(1)/m/n/12 αναζήτηση και κατηγοριοποιώντας τα rates σε: \TU/Menlo(
1)/m/n/12 ratesToCreate \TU/Helvetica(1)/m/n/12 (νέα), \TU/Menlo(1)/m/n/12 rate
sToUpdate
 []


Overfull \hbox (70.44809pt too wide) in paragraph at lines 987--996
 [][] 
 []



[43]
Overfull \hbox (9.02032pt too wide) in paragraph at lines 1028--1029
[]\TU/Helvetica(0)/b/n/12 Για Users: \TU/Menlo(1)/m/n/12 Telegram\TU/Helvetica(
1)/m/n/12 . Οι χρήστες μπορούν να κάνουν Subscribe στο Telegram
 []

File: ./images/auto_actions.png Graphic file (type bmp)
<./images/auto_actions.png>


[44]
Overfull \hbox (2.22433pt too wide) in paragraph at lines 1044--1045
[]\TU/Helvetica(1)/m/n/12 Σύνταξη \TU/Menlo(1)/m/n/12 [object.property] \TU/Hel
vetica(1)/m/n/12 για πρόσβαση σε εμφωλευ-
 []

Missing character: There is no 🏠 (U+1F3E0) in font Menlo Regular/OT:script=DFLT
;language=dflt;mapping=tex-text;!


[45]
Missing character: There is no 👤 (U+1F464) in font Menlo Regular/OT:script=DFLT
;language=dflt;mapping=tex-text;!
Missing character: There is no 👪 (U+1F46A) in font Menlo Regular/OT:script=DFLT
;language=dflt;mapping=tex-text;!
Missing character: There is no 📆 (U+1F4C6) in font Menlo Regular/OT:script=DFLT
;language=dflt;mapping=tex-text;!
Missing character: There is no 📍 (U+1F4CD) in font Menlo Regular/OT:script=DFLT
;language=dflt;mapping=tex-text;!
Missing character: There is no 💰 (U+1F4B0) in font Menlo Regular/OT:script=DFLT
;language=dflt;mapping=tex-text;!
Missing character: There is no 💲 (U+1F4B2) in font Menlo Regular/OT:script=DFLT
;language=dflt;mapping=tex-text;!
Missing character: There is no 📞 (U+1F4DE) in font Menlo Regular/OT:script=DFLT
;language=dflt;mapping=tex-text;!
Missing character: There is no 🗨 (U+1F5E8) in font Menlo Regular/OT:script=DFLT
;language=dflt;mapping=tex-text;!
Missing character: There is no 🗨 (U+1F5E8) in font Menlo Regular/OT:script=DFLT
;language=dflt;mapping=tex-text;!

Overfull \hbox (7.90884pt too wide) in paragraph at lines 1080--1081
[]\TU/Helvetica(0)/b/n/12 Trigger Types: \TU/Menlo(1)/m/n/12 before-checkin\TU/
Helvetica(1)/m/n/12 , \TU/Menlo(1)/m/n/12 after-checkout\TU/Helvetica(1)/m/n/12
 , \TU/Menlo(1)/m/n/12 after-cancellation\TU/Helvetica(1)/m/n/12 , \TU/Menlo(1)
/m/n/12 after-
 []



[46]
File: ./images/time_based_triggers_scenario.png Graphic file (type bmp)
<./images/time_based_triggers_scenario.png>

Underfull \vbox (badness 1688) has occurred while \output is active []



[47]

[48]
Overfull \hbox (21.24596pt too wide) in paragraph at lines 1158--1159
[]\TU/Helvetica(1)/m/n/12 Η τιμολόγηση και η διαχείριση οικονομικών σχέσεων μετ
αξύ Platform, Managers
 []


Overfull \hbox (31.23534pt too wide) in paragraph at lines 1170--1171
[]\TU/Helvetica(1)/m/n/12 Επιπλέον, τα Billing records δημιουργούνται όταν υπάρ
χουν \TU/Helvetica(0)/b/n/12 unallocated bookings
 []


Overfull \hbox (0.21077pt too wide) in paragraph at lines 1187--1188
[]\TU/Helvetica(1)/m/n/12 Στην αρχή κάθε μήνα, εκτελείται αυτόματα το \TU/Menlo
(1)/m/n/12 everyMonthCron \TU/Helvetica(1)/m/n/12 που δημιουρ-
 []



[49]
Overfull \hbox (196.0255pt too wide) in paragraph at lines 1198--1207
 [][] 
 []



[50]
Overfull \hbox (8.68214pt too wide) in paragraph at lines 1264--1265
\TU/Helvetica(1)/m/n/12 για κάθε Owner ή Staff μέσω του πεδίου \TU/Menlo(1)/m/n
/12 settings.features\TU/Helvetica(1)/m/n/12 . Τα διαθέσιμα features
 []


Overfull \hbox (1.80592pt too wide) in paragraph at lines 1264--1265
\TU/Helvetica(1)/m/n/12 αφορούν τα Bookings (περιεχόμενο, τιμές, στοιχεία επικο
ινωνίας), τα Messages
 []



[51]
Overfull \hbox (11.76463pt too wide) in paragraph at lines 1294--1295
\TU/Helvetica(1)/m/n/12 μές, στοιχεία επικοινωνίας) ακόμη και αν ο χρήστης έχει
 πρόσβαση στο collection. 
 []


Overfull \hbox (3.72055pt too wide) in paragraph at lines 1298--1299
[] []\TU/Helvetica(0)/b/n/12 Παράδειγμα Σεναρίου:[] \TU/Helvetica(1)/m/n/12 Ένα
ς Manager δημιουργεί έναν χρήστη «Καθαριστής»
 []

File: ./images/access_control_decision_tree.png Graphic file (type bmp)
<./images/access_control_decision_tree.png>

Underfull \vbox (badness 8170) has occurred while \output is active []



[52]
Underfull \vbox (badness 10000) has occurred while \output is active []



[53]

[54]
Overfull \hbox (40.28082pt too wide) in paragraph at lines 1375--1386
 [][] 
 []



[55]

[56]

[57]
Overfull \hbox (3.74146pt too wide) in paragraph at lines 1509--1510
[]\TU/Helvetica(0)/b/n/12 Φίλτρα: \TU/Helvetica(1)/m/n/12 Δυνατότητα επιλογής σ
υγκεκριμένων καταλυμάτων για προβολή. 
 []



[58]

[59]

[60

]
Κεφάλαιο 5.

Underfull \vbox (badness 10000) has occurred while \output is active []



[61]
Underfull \vbox (badness 10000) has occurred while \output is active []



[62]
Underfull \vbox (badness 10000) has occurred while \output is active []



[63]
Underfull \vbox (badness 10000) has occurred while \output is active []



[64]

[65]
Overfull \hbox (20.1443pt too wide) in paragraph at lines 1652--1661
 [][] 
 []



[66]
Overfull \hbox (1.11255pt too wide) in paragraph at lines 1684--1685
[]\TU/Helvetica(0)/b/n/12 Πρόβλημα: \TU/Helvetica(1)/m/n/12 Το Beds24 στέλνει τ
α rates σε συμπτυγμένη μορφή (date ranges),
 []



[67]

[68]

[69]

[70]
Κεφάλαιο 6.


[71

]

[72]
Κεφάλαιο 7.

Overfull \hbox (11.2975pt too wide) in paragraph at lines 1909--1910
\TU/Helvetica(1)/m/n/12 σμα μεταξύ Channel Managers και ιδιοκτητών ακινήτων. Πα
ρέχει στους Managers
 []



[73

]
Overfull \hbox (29.7362pt too wide) in paragraph at lines 1958--1959
[]\TU/Helvetica(0)/b/n/12 AI as Enhancement: \TU/Helvetica(1)/m/n/12 Η AI ενσωμ
άτωση λειτουργεί καλύτερα ως «enhancement»
 []



[74]
Overfull \hbox (3.62738pt too wide) in paragraph at lines 1966--1966
[]\TU/Helvetica(1)/m/n/12 PayloadCMS. \TU/Helvetica(1)/m/it/12 PayloadCMS Docum
entation\TU/Helvetica(1)/m/n/12 . 2024. URL: [][]$[][][][][] [] [] [] [][][][][
][][][][][] []
 []


Overfull \hbox (4.82693pt too wide) in paragraph at lines 1966--1966
[]\TU/Helvetica(1)/m/n/12 Drizzle Team. \TU/Helvetica(1)/m/it/12 Drizzle ORM Do
cumentation\TU/Helvetica(1)/m/n/12 . 2024. URL: [][]$[][][][][] [] [] [] [][][]
 [] [][][][][][][] []
 []


Overfull \hbox (2.20657pt too wide) in paragraph at lines 1966--1966
[]\TU/Helvetica(1)/m/n/12 pmndrs. \TU/Helvetica(1)/m/it/12 Zustand Documentatio
n\TU/Helvetica(1)/m/n/12 . 2024. URL: [][]$[][][][][] [] [] [] [][][][] [] [][]
[][] [] [][] [] [][][][][][][]$[][]
 []


Overfull \hbox (12.9526pt too wide) in paragraph at lines 1966--1966
[]\TU/Helvetica(1)/m/n/12 OpenAPI Initiative. \TU/Helvetica(1)/m/it/12 OpenAPI 
Specification\TU/Helvetica(1)/m/n/12 . 2024. URL: [][]$[][][][][] [] [] [] [][]
[][] [] [][][][][][][][] []
 []



[75

]
Overfull \hbox (14.36919pt too wide) in paragraph at lines 1966--1966
[]\TU/Helvetica(1)/m/n/12 Rob Law, Daniel Leung []και []Ivan Chan. “Progress an
d Development of Information
 []


Overfull \hbox (22.52296pt too wide) in paragraph at lines 1966--1966
\TU/Helvetica(1)/m/n/12 Technology in the Hospitality Industry: Evidence from C
ornell Hospitality Quarterly”.
 []


Overfull \hbox (36.76984pt too wide) in paragraph at lines 1966--1966
[]\TU/Helvetica(1)/m/n/12 Mark Richards []και []Neal Ford. \TU/Helvetica(1)/m/i
t/12 Fundamentals of Software Architecture: An Engineering
 []



[76]
Παράρτημα \Greeknumeral {1}.


[77

]

[78

]
Παράρτημα \Greeknumeral {2}.


[79] (./thesis.aux)
 ***********
LaTeX2e <2024-11-01> patch level 2
L3 programming layer <2025-01-18>
 ***********
Package rerunfilecheck Info: File `thesis.out' has not changed.
(rerunfilecheck)             Checksum: 1A54509DA248808AC5211007158CD924;23349.
Package logreq Info: Writing requests to 'thesis.run.xml'.
\openout1 = `thesis.run.xml'.

 ) 
Here is how much of TeX's memory you used:
 25461 strings out of 475338
 495558 string characters out of 5760919
 1489066 words of memory out of 5000000
 48084 multiletter control sequences out of 15000+600000
 567577 words of font info for 130 fonts, out of 8000000 for 9000
 319 hyphenation exceptions out of 8191
 79i,12n,93p,1199b,5358s stack positions out of 10000i,1000n,20000p,200000b,200000s

Output written on thesis.pdf (79 pages).
